******************************************************************************
                  TI ARM Linker PC v5.2.5                      
******************************************************************************
>> Linked Wed Nov 30 14:23:43 2016

OUTPUT FILE NAME:   <hip_encoder.out>
ENTRY POINT SYMBOL: "_c_int00"  address: 00003091


MEMORY CONFIGURATION

         name            origin    length      used     unused   attr    fill
----------------------  --------  ---------  --------  --------  ----  --------
  FLASH                 00000000   00100000  000041fa  000fbe06  R  X
  SRAM                  20000000   00040000  00018047  00027fb9  RW X


SEGMENT ALLOCATION MAP

run origin  load origin   length   init length attrs members
----------  ----------- ---------- ----------- ----- -------
00000000    00000000    00004200   00004200    r-x
  00000000    00000000    00000200   00000200    r-- .intvecs
  00000200    00000200    00003c6e   00003c6e    r-x .text
  00003e70    00003e70    00000334   00000334    r-- .const
  000041a8    000041a8    00000058   00000058    r-- .cinit
20000000    20000000    00018048   00000000    rw-
  20000000    20000000    00016fe7   00000000    rw- .bss
  20016fe8    20016fe8    00001000   00000000    rw- .stack
  20017fe8    20017fe8    00000060   00000000    rw- .data


SECTION ALLOCATION MAP

 output                                  attributes/
section   page    origin      length       input sections
--------  ----  ----------  ----------   ----------------
.intvecs   0    00000000    00000200     
                  00000000    00000200     tm4c1294ncpdt_startup_ccs.obj (.intvecs)

.text      0    00000200    00003c6e     
                  00000200    00000340     main.obj (.text:main)
                  00000540    0000024d     ustdlib.obj (.text:uvsnprintf)
                  0000078d    00000001     --HOLE-- [fill = 0]
                  0000078e    00000002     tm4c1294ncpdt_startup_ccs.obj (.text:FaultISR)
                  00000790    00000214     pinout.obj (.text:PinoutSet)
                  000009a4    00000204     driverlib.lib : sysctl.obj (.text:SysCtlClockFreqSet)
                  00000ba8    000001ea     uartstdio.obj (.text:UARTvprintf)
                  00000d92    00000002     tm4c1294ncpdt_startup_ccs.obj (.text:IntDefaultHandler)
                  00000d94    00000198     lwiplib.obj (.text:ip_input)
                  00000f2c    00000194     lwiplib.obj (.text:udp_input)
                  000010c0    00000184     lwiplib.obj (.text:icmp_input)
                  00001244    00000140     lwiplib.obj (.text:tivaif_receive)
                  00001384    00000130     driverlib.lib : gpio.obj (.text:GPIOPadConfigSet)
                  000014b4    0000012e     lwiplib.obj (.text:pbuf_alloc)
                  000015e2    00000002     tm4c1294ncpdt_startup_ccs.obj (.text:NmiSR)
                  000015e4    00000124     lwiplib.obj (.text:etharp_arp_input)
                  00001708    00000118     lwiplib.obj (.text:etharp_output)
                  00001820    00000114     lwiplib.obj (.text:etharp_query)
                  00001934    00000100     lwiplib.obj (.text:tivaif_transmit)
                  00001a34    000000f4     lwiplib.obj (.text:mem_malloc)
                  00001b28    000000e4     lwiplib.obj (.text:lwIPInit)
                  00001c0c    000000e4     lwiplib.obj (.text:mem_trim)
                  00001cf0    000000e0     lwiplib.obj (.text:etharp_find_entry)
                  00001dd0    000000c8     lwiplib.obj (.text:udp_sendto_if)
                  00001e98    000000c4     lwiplib.obj (.text:InitDMADescriptors)
                  00001f5c    000000c4     lwiplib.obj (.text:etharp_raw)
                  00002020    000000bc     lwiplib.obj (.text:tivaif_hwinit)
                  000020dc    000000ac     main.obj (.text:lwIPHostTimerHandler)
                  00002188    000000a4     lwiplib.obj (.text:ethernet_input)
                  0000222c    000000a4     lwiplib.obj (.text:ip_output_if)
                  000022d0    0000009c     rtsv7M4_T_le_v4SPD16_eabi.lib : memcpy_t2.obj (.text)
                  0000236c    00000092     lwiplib.obj (.text:pbuf_copy)
                  000023fe    00000002     rtsv7M4_T_le_v4SPD16_eabi.lib : i_div0.obj (.text)
                  00002400    0000008c     main.obj (.text:SetupPWM)
                  0000248c    00000084     main.obj (.text:SetPWMDuty)
                  00002510    00000080     lwiplib.obj (.text:lwIPPrivateInit)
                  00002590    0000007c     lwiplib.obj (.text:tivaif_process_phy_interrupt)
                  0000260c    0000007a     rtsv7M4_T_le_v4SPD16_eabi.lib : memset_t2.obj (.text)
                  00002686    00000002     --HOLE-- [fill = 0]
                  00002688    00000078     driverlib.lib : emac.obj (.text:EMACInit)
                  00002700    00000074     lwiplib.obj (.text:etharp_update_arp_entry)
                  00002774    00000074     lwiplib.obj (.text:raw_input)
                  000027e8    0000006c     lwiplib.obj (.text:icmp_send_response)
                  00002854    0000006c     lwiplib.obj (.text:memp_init)
                  000028c0    0000006c     rtsv7M4_T_le_v4SPD16_eabi.lib : autoinit.obj (.text)
                  0000292c    0000006a                                   : copy_decompress_rle.obj (.text)
                  00002996    00000002     --HOLE-- [fill = 0]
                  00002998    00000068     driverlib.lib : interrupt.obj (.text:IntEnable)
                  00002a00    00000068     lwiplib.obj (.text:lwip_standard_chksum)
                  00002a68    00000068     lwiplib.obj (.text:sys_timeout)
                  00002ad0    00000068     lwiplib.obj (.text:udp_bind)
                  00002b38    00000064     lwiplib.obj (.text:plug_holes)
                  00002b9c    00000062     lwiplib.obj (.text:pbuf_header)
                  00002bfe    00000002     --HOLE-- [fill = 0]
                  00002c00    00000060     driverlib.lib : timer.obj (.text:TimerConfigure)
                  00002c60    00000060     uartstdio.obj (.text:UARTStdioConfig)
                  00002cc0    00000060     lwiplib.obj (.text:mem_free)
                  00002d20    0000005c     main.obj (.text:ConfigureUART)
                  00002d7c    0000005c     lwiplib.obj (.text:lwIPEthernetIntHandler)
                  00002dd8    0000005c     lwiplib.obj (.text:mem_init)
                  00002e34    0000005a     lwiplib.obj (.text:inet_chksum_pbuf)
                  00002e8e    0000005a     lwiplib.obj (.text:pbuf_realloc)
                  00002ee8    00000058     driverlib.lib : emac.obj (.text:EMACPHYConfigSet)
                  00002f40    00000058     lwiplib.obj (.text:memp_malloc)
                  00002f98    00000054     main.obj (.text:udp_init_r)
                  00002fec    00000052     lwiplib.obj (.text:tivaif_process_transmit)
                  0000303e    00000002     --HOLE-- [fill = 0]
                  00003040    00000050     driverlib.lib : sysctl.obj (.text:SysCtlPeripheralReset)
                  00003090    00000050     rtsv7M4_T_le_v4SPD16_eabi.lib : boot.obj (.text)
                  000030e0    0000004e     lwiplib.obj (.text:pbuf_free)
                  0000312e    00000002     --HOLE-- [fill = 0]
                  00003130    0000004c     lwiplib.obj (.text:ip_route)
                  0000317c    0000004c     lwiplib.obj (.text:netif_add)
                  000031c8    0000004c     rtsv7M4_T_le_v4SPD16_eabi.lib : cpy_tbl.obj (.text)
                  00003214    0000004c     lwiplib.obj (.text:tivaif_interrupt)
                  00003260    0000004c     lwiplib.obj (.text:udp_new_port)
                  000032ac    00000048     driverlib.lib : gpio.obj (.text:GPIOPinConfigure)
                  000032f4    00000048     uartstdio.obj (.text:UARTwrite)
                  0000333c    00000048     driverlib.lib : sysctl.obj (.text:_SysCtlFrequencyGet)
                  00003384    00000048     lwiplib.obj (.text:etharp_output_to_arp_index)
                  000033cc    00000048     lwiplib.obj (.text:tivaif_check_pbuf)
                  00003414    00000044     lwiplib.obj (.text:ip_output)
                  00003458    00000044     rtsv7M4_T_le_v4SPD16_eabi.lib : exit.obj (.text)
                  0000349c    00000040     lwiplib.obj (.text:etharp_tmr)
                  000034dc    00000040     rtsv7M4_T_le_v4SPD16_eabi.lib : u_divt2.obj (.text)
                  0000351c    0000003c     lwiplib.obj (.text:lwIPServiceTimers)
                  00003558    0000003c     main.obj (.text:udp_send_data)
                  00003594    0000003a     driverlib.lib : emac.obj (.text:EMACIntEnable)
                  000035ce    00000002     --HOLE-- [fill = 0]
                  000035d0    00000038     main.obj (.text:DisplayIPAddress)
                  00003608    00000038     driverlib.lib : emac.obj (.text:EMACConfigGet)
                  00003640    00000038                   : sysctl.obj (.text:SysCtlPeripheralReady)
                  00003678    00000038     lwiplib.obj (.text:memp_free)
                  000036b0    00000038     lwiplib.obj (.text:udp_sendto)
                  000036e8    00000034     driverlib.lib : emac.obj (.text:EMACConfigSet)
                  0000371c    00000034                   : emac.obj (.text:EMACIntClear)
                  00003750    00000034                   : sysctl.obj (.text:SysCtlPeripheralEnable)
                  00003784    00000034     lwiplib.obj (.text:tivaif_init)
                  000037b8    00000032     lwiplib.obj (.text:ip4_addr_isbroadcast)
                  000037ea    0000002c     driverlib.lib : emac.obj (.text:EMACIntStatus)
                  00003816    00000002     --HOLE-- [fill = 0]
                  00003818    0000002c     lwiplib.obj (.text:etharp_request)
                  00003844    0000002a     driverlib.lib : gpio.obj (.text:GPIODirModeSet)
                  0000386e    0000002a     ustdlib.obj (.text:ustrncpy)
                  00003898    00000028     main.obj (.text:Timer0IntHandler)
                  000038c0    00000028     lwiplib.obj (.text:pbuf_cat)
                  000038e8    00000028     main.obj (.text:udp_receive_data)
                  00003910    00000026     driverlib.lib : emac.obj (.text:EMACPHYRead)
                  00003936    00000026                   : emac.obj (.text:EMACPHYWrite)
                  0000395c    00000024     lwiplib.obj (.text:etharp_free_entry)
                  00003980    00000024     lwiplib.obj (.text:netif_set_link_up)
                  000039a4    00000024     lwiplib.obj (.text:netif_set_up)
                  000039c8    00000022     driverlib.lib : pwm.obj (.text:PWMGenConfigure)
                  000039ea    00000022     rtsv7M4_T_le_v4SPD16_eabi.lib : memcmp.obj (.text)
                  00003a0c    00000020     lwiplib.obj (.text:etharp_send_ip)
                  00003a2c    00000020     lwiplib.obj (.text:lwIPTimer)
                  00003a4c    00000020     lwiplib.obj (.text:sys_timeouts_init)
                  00003a6c    00000020     ustdlib.obj (.text:usprintf)
                  00003a8c    0000001e     driverlib.lib : emac.obj (.text:EMACAddrGet)
                  00003aaa    0000001e                   : pwm.obj (.text:PWMPulseWidthSet)
                  00003ac8    0000001c                   : sysctl.obj (.text:_SysCtlMemTimingGet)
                  00003ae4    0000001c     lwiplib.obj (.text:udp_new)
                  00003b00    0000001a     uartstdio.obj (.text:UARTprintf)
                  00003b1a    0000001a     lwiplib.obj (.text:lwip_htonl)
                  00003b34    00000018     driverlib.lib : gpio.obj (.text:GPIOPinTypeGPIOOutput)
                  00003b4c    00000018     lwiplib.obj (.text:arp_timer)
                  00003b64    00000018     rtsv7M4_T_le_v4SPD16_eabi.lib : args_main.obj (.text)
                  00003b7c    00000016     driverlib.lib : emac.obj (.text:EMACReset)
                  00003b92    00000016                   : emac.obj (.text:EMACRxEnable)
                  00003ba8    00000016                   : emac.obj (.text:EMACTxEnable)
                  00003bbe    00000016     lwiplib.obj (.text:pbuf_ref)
                  00003bd4    00000014     driverlib.lib : sysctl.obj (.text:SysCtlPWMClockSet)
                  00003be8    00000014     lwiplib.obj (.text:netif_set_addr)
                  00003bfc    00000014     rtsv7M4_T_le_v4SPD16_eabi.lib : _lock.obj (.text)
                  00003c10    00000014     lwiplib.obj (.text:sys_arch_unprotect)
                  00003c24    00000012     driverlib.lib : gpio.obj (.text:GPIOPinTypeEthernetLED)
                  00003c36    00000012                   : gpio.obj (.text:GPIOPinTypePWM)
                  00003c48    00000012                   : gpio.obj (.text:GPIOPinTypeQEI)
                  00003c5a    00000012                   : pwm.obj (.text:PWMGenPeriodGet)
                  00003c6c    00000012                   : pwm.obj (.text:PWMOutputState)
                  00003c7e    00000012                   : timer.obj (.text:TimerLoadSet)
                  00003c90    00000012     lwiplib.obj (.text:netif_set_link_down)
                  00003ca2    00000012     lwiplib.obj (.text:pbuf_clen)
                  00003cb4    00000010     driverlib.lib : emac.obj (.text:EMACFrameFilterSet)
                  00003cc4    00000010                   : interrupt.obj (.text:IntMasterEnable)
                  00003cd4    00000010                   : pwm.obj (.text:PWMGenPeriodSet)
                  00003ce4    00000010                   : qei.obj (.text:QEIVelocityConfigure)
                  00003cf4    00000010     lwiplib.obj (.text:inet_chksum)
                  00003d04    00000010     lwiplib.obj (.text:lwip_init)
                  00003d14    00000010     lwiplib.obj (.text:pbuf_chain)
                  00003d24    00000010     lwiplib.obj (.text:sys_arch_protect)
                  00003d34    0000000e     driverlib.lib : qei.obj (.text:QEIConfigure)
                  00003d42    0000000e                   : qei.obj (.text:QEIDirectionGet)
                  00003d50    0000000e                   : timer.obj (.text:TimerEnable)
                  00003d5e    0000000e     rtsv7M4_T_le_v4SPD16_eabi.lib : copy_decompress_none.obj (.text:decompress:none)
                  00003d6c    0000000c     driverlib.lib : cpu.obj (.text:CPUcpsie)
                  00003d78    0000000c                   : pwm.obj (.text:PWMGenDisable)
                  00003d84    0000000c                   : pwm.obj (.text:PWMGenEnable)
                  00003d90    0000000c                   : sysctl.obj (.text:SysCtlMOSCConfigSet)
                  00003d9c    0000000c     rtsv7M4_T_le_v4SPD16_eabi.lib : copy_zero_init.obj (.text:decompress:ZI)
                  00003da8    0000000c     lwiplib.obj (.text:lwIPLocalIPAddrGet)
                  00003db4    0000000c     lwiplib.obj (.text:lwip_htons)
                  00003dc0    0000000c     lwiplib.obj (.text:netif_set_default)
                  00003dcc    0000000c     lwiplib.obj (.text:netif_set_gw)
                  00003dd8    0000000c     lwiplib.obj (.text:netif_set_ipaddr)
                  00003de4    0000000c     lwiplib.obj (.text:netif_set_netmask)
                  00003df0    0000000c     lwiplib.obj (.text:sys_now)
                  00003dfc    0000000a     driverlib.lib : qei.obj (.text:QEIEnable)
                  00003e06    0000000a                   : qei.obj (.text:QEIVelocityEnable)
                  00003e10    00000008                   : emac.obj (.text:EMACTxDMAPollDemand)
                  00003e18    00000008                   : timer.obj (.text:TimerIntEnable)
                  00003e20    00000008     lwiplib.obj (.text:icmp_dest_unreach)
                  00003e28    00000006     driverlib.lib : emac.obj (.text:EMACRxDMADescriptorListSet)
                  00003e2e    00000006                   : emac.obj (.text:EMACTimestampIntStatus)
                  00003e34    00000006                   : emac.obj (.text:EMACTxDMADescriptorListSet)
                  00003e3a    00000006                   : gpio.obj (.text:GPIOPinWrite)
                  00003e40    00000006     tm4c1294ncpdt_startup_ccs.obj (.text:ResetISR)
                  00003e46    00000006     driverlib.lib : sysctl.obj (.text:SysCtlDelay)
                  00003e4c    00000006     main.obj (.text:SysTickIntHandler)
                  00003e52    00000006     rtsv7M4_T_le_v4SPD16_eabi.lib : copy_decompress_rle.obj (.text:decompress:rle24)
                  00003e58    00000006     lwiplib.obj (.text:udp_recv)
                  00003e5e    00000004     driverlib.lib : qei.obj (.text:QEIPositionGet)
                  00003e62    00000004                   : qei.obj (.text:QEIPositionSet)
                  00003e66    00000004                   : qei.obj (.text:QEIVelocityGet)
                  00003e6a    00000004     rtsv7M4_T_le_v4SPD16_eabi.lib : pre_init.obj (.text)

.const     0    00003e70    00000334     
                  00003e70    00000120     driverlib.lib : sysctl.obj (.const:g_pppui32XTALtoVCO)
                  00003f90    00000090                   : gpio.obj (.const:g_pui32GPIOBaseAddrs)
                  00004020    00000070                   : interrupt.obj (.const)
                  00004090    0000006c                   : sysctl.obj (.const:g_pui32Xtals)
                  000040fc    00000030                   : sysctl.obj (.const:g_sXTALtoMEMTIM)
                  0000412c    00000028     lwiplib.obj (.const)
                  00004154    0000001c     uartstdio.obj (.const)
                  00004170    00000018     driverlib.lib : emac.obj (.const)
                  00004188    00000012     uartstdio.obj (.const:.string)
                  0000419a    00000002     --HOLE-- [fill = 0]
                  0000419c    00000008     driverlib.lib : sysctl.obj (.const)

.cinit     0    000041a8    00000058     
                  000041a8    0000002e     (.cinit..data.load) [load image, compression = rle]
                  000041d6    00000002     --HOLE-- [fill = 0]
                  000041d8    0000000c     (__TI_handler_table)
                  000041e4    00000004     --HOLE-- [fill = 0]
                  000041e8    00000008     (.cinit..bss.load) [load image, compression = zero_init]
                  000041f0    00000010     (__TI_cinit_table)

.init_array 
*          0    00000000    00000000     UNINITIALIZED

.bss       0    20000000    00016fe7     UNINITIALIZED
                  20000000    0001001c     lwiplib.obj (.bss:ram_heap)
                  2001001c    000068f4     lwiplib.obj (.bss:memp_memory)
                  20016910    00000360     lwiplib.obj (.bss:g_pTxDescriptors)
                  20016c70    00000120     lwiplib.obj (.bss:g_pRxDescriptors)
                  20016d90    000000d8     lwiplib.obj (.bss:lwip_stats)
                  20016e68    000000c8     lwiplib.obj (.bss:arp_table)
                  20016f30    00000030     lwiplib.obj (.bss:g_sNetIF)
                  20016f60    00000014     (.common:memp_tab)
                  20016f74    00000004     (.common:Rpcb)
                  20016f78    00000004     (.common:board_ip)
                  20016f7c    00000004     (.common:controller_ip)
                  20016f80    00000004     (.common:current_header)
                  20016f84    00000004     (.common:current_iphdr_dest)
                  20016f88    00000004     (.common:current_iphdr_src)
                  20016f8c    00000004     (.common:current_netif)
                  20016f90    00000004     (.common:device_gateway)
                  20016f94    00000004     (.common:device_ip)
                  20016f98    00000004     (.common:device_subnet)
                  20016f9c    00000004     (.common:g_pfnTimerHandler)
                  20016fa0    00000004     (.common:g_ui32AbnormalInts)
                  20016fa4    00000004     (.common:g_ui32GWAddr)
                  20016fa8    00000004     (.common:g_ui32IPAddr)
                  20016fac    00000004     (.common:g_ui32IPAddress)
                  20016fb0    00000004     (.common:g_ui32NetMask)
                  20016fb4    00000004     (.common:g_ui32NormalInts)
                  20016fb8    00000004     (.common:g_ui32SysClock)
                  20016fbc    00000004     (.common:lfree)
                  20016fc0    00000004     (.common:netif_default)
                  20016fc4    00000004     (.common:netif_list)
                  20016fc8    00000004     (.common:next_timeout)
                  20016fcc    00000004     (.common:ram)
                  20016fd0    00000004     (.common:ram_end)
                  20016fd4    00000004     (.common:raw_pcbs)
                  20016fd8    00000004     (.common:timeouts_last_time)
                  20016fdc    00000004     (.common:udp_pcbs)
                  20016fe0    00000002     (.common:ip_id)
                  20016fe2    00000001     (.common:etharp_cached_entry)
                  20016fe3    00000001     (.common:netif_num)
                  20016fe4    00000001     (.common:pwmValue)
                  20016fe5    00000001     (.common:sendEncoder)
                  20016fe6    00000001     (.common:setPWMvalue)

.TI.noinit 
*          0    20000000    00000000     UNINITIALIZED

.stack     0    20016fe8    00001000     UNINITIALIZED
                  20016fe8    00001000     --HOLE--

.data      0    20017fe8    00000060     UNINITIALIZED
                  20017fe8    00000044     lwiplib.obj (.data)
                  2001802c    00000008     rtsv7M4_T_le_v4SPD16_eabi.lib : _lock.obj (.data)
                  20018034    00000008                                   : exit.obj (.data)
                  2001803c    00000005     uartstdio.obj (.data)
                  20018041    00000001     main.obj (.data)
                  20018042    00000002     --HOLE--
                  20018044    00000004     rtsv7M4_T_le_v4SPD16_eabi.lib : stkdepth_vars.obj (.data)

.TI.persistent 
*          0    20017fe8    00000000     UNINITIALIZED


LINKER GENERATED COPY TABLES

__TI_cinit_table @ 000041f0 records: 2, size/record: 8, table size: 16
	.data: load addr=000041a8, load size=0000002e bytes, run addr=20017fe8, run size=00000060 bytes, compression=rle
	.bss: load addr=000041e8, load size=00000008 bytes, run addr=20000000, run size=00016fe7 bytes, compression=zero_init


LINKER GENERATED HANDLER TABLE

__TI_handler_table @ 000041d8 records: 3, size/record: 4, table size: 12
	index: 0, handler: __TI_decompress_rle24
	index: 1, handler: __TI_decompress_none
	index: 2, handler: __TI_zero_init


GLOBAL SYMBOLS: SORTED ALPHABETICALLY BY Name 

address   name                        
-------   ----                        
00003459  C$$EXIT                     
00003d6d  CPUcpsie                    
00002d21  ConfigureUART               
000035d1  DisplayIPAddress            
00003a8d  EMACAddrGet                 
00003609  EMACConfigGet               
000036e9  EMACConfigSet               
00003cb5  EMACFrameFilterSet          
00002689  EMACInit                    
0000371d  EMACIntClear                
00003595  EMACIntEnable               
000037eb  EMACIntStatus               
00002ee9  EMACPHYConfigSet            
00003911  EMACPHYRead                 
00003937  EMACPHYWrite                
00003b7d  EMACReset                   
00003e29  EMACRxDMADescriptorListSet  
00003b93  EMACRxEnable                
00003e2f  EMACTimestampIntStatus      
00003e35  EMACTxDMADescriptorListSet  
00003e11  EMACTxDMAPollDemand         
00003ba9  EMACTxEnable                
00003845  GPIODirModeSet              
00001385  GPIOPadConfigSet            
000032ad  GPIOPinConfigure            
00003c25  GPIOPinTypeEthernetLED      
00003b35  GPIOPinTypeGPIOOutput       
00003c37  GPIOPinTypePWM              
00003c49  GPIOPinTypeQEI              
00003e3b  GPIOPinWrite                
00001e99  InitDMADescriptors          
00002999  IntEnable                   
00003cc5  IntMasterEnable             
000039c9  PWMGenConfigure             
00003d79  PWMGenDisable               
00003d85  PWMGenEnable                
00003c5b  PWMGenPeriodGet             
00003cd5  PWMGenPeriodSet             
00003c6d  PWMOutputState              
00003aab  PWMPulseWidthSet            
00000791  PinoutSet                   
00003d35  QEIConfigure                
00003d43  QEIDirectionGet             
00003dfd  QEIEnable                   
00003e5f  QEIPositionGet              
00003e63  QEIPositionSet              
00003ce5  QEIVelocityConfigure        
00003e07  QEIVelocityEnable           
00003e67  QEIVelocityGet              
00003e41  ResetISR                    
20016f74  Rpcb                        
UNDEFED   SHT$$INIT_ARRAY$$Base       
UNDEFED   SHT$$INIT_ARRAY$$Limit      
0000248d  SetPWMDuty                  
00002401  SetupPWM                    
000009a5  SysCtlClockFreqSet          
00003e47  SysCtlDelay                 
00003d91  SysCtlMOSCConfigSet         
00003bd5  SysCtlPWMClockSet           
00003751  SysCtlPeripheralEnable      
00003641  SysCtlPeripheralReady       
00003041  SysCtlPeripheralReset       
00003e4d  SysTickIntHandler           
00003899  Timer0IntHandler            
00002c01  TimerConfigure              
00003d51  TimerEnable                 
00003e19  TimerIntEnable              
00003c7f  TimerLoadSet                
00002c61  UARTStdioConfig             
00003b01  UARTprintf                  
00000ba9  UARTvprintf                 
000032f5  UARTwrite                   
20017fe8  __STACK_END                 
00001000  __STACK_SIZE                
200171e8  __STACK_TOP                 
000041f0  __TI_CINIT_Base             
00004200  __TI_CINIT_Limit            
000041d8  __TI_Handler_Table_Base     
000041e4  __TI_Handler_Table_Limit    
000028c1  __TI_auto_init              
20018034  __TI_cleanup_ptr            
00003d5f  __TI_decompress_none        
00003e53  __TI_decompress_rle24       
20018038  __TI_dtors_ptr              
00000000  __TI_static_base__          
00003d9d  __TI_zero_init              
000023ff  __aeabi_idiv0               
0000260d  __aeabi_memclr              
0000260d  __aeabi_memclr4             
0000260d  __aeabi_memclr8             
000022d1  __aeabi_memcpy              
000022d1  __aeabi_memcpy4             
000022d1  __aeabi_memcpy8             
0000260f  __aeabi_memset              
0000260f  __aeabi_memset4             
0000260f  __aeabi_memset8             
000034dd  __aeabi_uidiv               
000034dd  __aeabi_uidivmod            
ffffffff  __binit__                   
ffffffff  __c_args__                  
20016fe8  __stack                     
00003b65  _args_main                  
00003091  _c_int00                    
2001802c  _lock                       
00003c0b  _nop                        
00003c03  _register_lock              
00003bfd  _register_unlock            
00003e6b  _system_pre_init            
20018030  _unlock                     
0000345d  abort                       
ffffffff  binit                       
20016f78  board_ip                    
20016f7c  controller_ip               
000031c9  copy_in                     
20016f80  current_header              
20016f84  current_iphdr_dest          
20016f88  current_iphdr_src           
20016f8c  current_netif               
20016f90  device_gateway              
20016f94  device_ip                   
20016f98  device_subnet               
00001709  etharp_output               
00001821  etharp_query                
00003819  etharp_request              
0000349d  etharp_tmr                  
00004148  ethbroadcast                
00002189  ethernet_input              
0000414e  ethzero                     
00003465  exit                        
20017ffc  g_RxDescList                
20017fec  g_TxDescList                
20016c70  g_pRxDescriptors            
20016910  g_pTxDescriptors            
20016f9c  g_pfnTimerHandler           
00000000  g_pfnVectors                
20016fa0  g_ui32AbnormalInts          
20016fac  g_ui32IPAddress             
20018018  g_ui32LocalTimer            
20016fb4  g_ui32NormalInts            
20016fb8  g_ui32SysClock              
20018041  gotIP                       
00003e21  icmp_dest_unreach           
000010c1  icmp_input                  
00003cf5  inet_chksum                 
00002e35  inet_chksum_pbuf            
000037b9  ip4_addr_isbroadcast        
00004140  ip_addr_any                 
00004144  ip_addr_broadcast           
00000d95  ip_input                    
00003415  ip_output                   
0000222d  ip_output_if                
00003131  ip_route                    
00002d7d  lwIPEthernetIntHandler      
000020dd  lwIPHostTimerHandler        
00001b29  lwIPInit                    
00003da9  lwIPLocalIPAddrGet          
00003a2d  lwIPTimer                   
00003b1b  lwip_htonl                  
00003db5  lwip_htons                  
00003d05  lwip_init                   
00003b1b  lwip_ntohl                  
00003db5  lwip_ntohs                  
20016d90  lwip_stats                  
00000201  main                        
20018044  main_func_sp                
00002cc1  mem_free                    
00002dd9  mem_init                    
00001a35  mem_malloc                  
00001c0d  mem_trim                    
000039eb  memcmp                      
000022d1  memcpy                      
00003679  memp_free                   
00002855  memp_init                   
00002f41  memp_malloc                 
00002615  memset                      
0000317d  netif_add                   
20016fc0  netif_default               
20016fc4  netif_list                  
00003be9  netif_set_addr              
00003dc1  netif_set_default           
00003dcd  netif_set_gw                
00003dd9  netif_set_ipaddr            
00003c91  netif_set_link_down         
00003981  netif_set_link_up           
00003de5  netif_set_netmask           
000039a5  netif_set_up                
000014b5  pbuf_alloc                  
000038c1  pbuf_cat                    
00003d15  pbuf_chain                  
00003ca3  pbuf_clen                   
0000236d  pbuf_copy                   
000030e1  pbuf_free                   
00002b9d  pbuf_header                 
00002e8f  pbuf_realloc                
00003bbf  pbuf_ref                    
20016fe4  pwmValue                    
20000000  ram_heap                    
00002775  raw_input                   
20016fe5  sendEncoder                 
20016fe6  setPWMvalue                 
00003d25  sys_arch_protect            
00003c11  sys_arch_unprotect          
00003df1  sys_now                     
00002a69  sys_timeout                 
00003a4d  sys_timeouts_init           
00003785  tivaif_init                 
00003215  tivaif_interrupt            
00002591  tivaif_process_phy_interrupt
00002ad1  udp_bind                    
00002f99  udp_init_r                  
00000f2d  udp_input                   
00003ae5  udp_new                     
20016fdc  udp_pcbs                    
000038e9  udp_receive_data            
00003e59  udp_recv                    
00003559  udp_send_data               
000036b1  udp_sendto                  
00001dd1  udp_sendto_if               
00003a6d  usprintf                    
0000386f  ustrncpy                    
00000541  uvsnprintf                  


GLOBAL SYMBOLS: SORTED BY Symbol Address 

address   name                        
-------   ----                        
00000000  __TI_static_base__          
00000000  g_pfnVectors                
00000201  main                        
00000541  uvsnprintf                  
00000791  PinoutSet                   
000009a5  SysCtlClockFreqSet          
00000ba9  UARTvprintf                 
00000d95  ip_input                    
00000f2d  udp_input                   
00001000  __STACK_SIZE                
000010c1  icmp_input                  
00001385  GPIOPadConfigSet            
000014b5  pbuf_alloc                  
00001709  etharp_output               
00001821  etharp_query                
00001a35  mem_malloc                  
00001b29  lwIPInit                    
00001c0d  mem_trim                    
00001dd1  udp_sendto_if               
00001e99  InitDMADescriptors          
000020dd  lwIPHostTimerHandler        
00002189  ethernet_input              
0000222d  ip_output_if                
000022d1  __aeabi_memcpy              
000022d1  __aeabi_memcpy4             
000022d1  __aeabi_memcpy8             
000022d1  memcpy                      
0000236d  pbuf_copy                   
000023ff  __aeabi_idiv0               
00002401  SetupPWM                    
0000248d  SetPWMDuty                  
00002591  tivaif_process_phy_interrupt
0000260d  __aeabi_memclr              
0000260d  __aeabi_memclr4             
0000260d  __aeabi_memclr8             
0000260f  __aeabi_memset              
0000260f  __aeabi_memset4             
0000260f  __aeabi_memset8             
00002615  memset                      
00002689  EMACInit                    
00002775  raw_input                   
00002855  memp_init                   
000028c1  __TI_auto_init              
00002999  IntEnable                   
00002a69  sys_timeout                 
00002ad1  udp_bind                    
00002b9d  pbuf_header                 
00002c01  TimerConfigure              
00002c61  UARTStdioConfig             
00002cc1  mem_free                    
00002d21  ConfigureUART               
00002d7d  lwIPEthernetIntHandler      
00002dd9  mem_init                    
00002e35  inet_chksum_pbuf            
00002e8f  pbuf_realloc                
00002ee9  EMACPHYConfigSet            
00002f41  memp_malloc                 
00002f99  udp_init_r                  
00003041  SysCtlPeripheralReset       
00003091  _c_int00                    
000030e1  pbuf_free                   
00003131  ip_route                    
0000317d  netif_add                   
000031c9  copy_in                     
00003215  tivaif_interrupt            
000032ad  GPIOPinConfigure            
000032f5  UARTwrite                   
00003415  ip_output                   
00003459  C$$EXIT                     
0000345d  abort                       
00003465  exit                        
0000349d  etharp_tmr                  
000034dd  __aeabi_uidiv               
000034dd  __aeabi_uidivmod            
00003559  udp_send_data               
00003595  EMACIntEnable               
000035d1  DisplayIPAddress            
00003609  EMACConfigGet               
00003641  SysCtlPeripheralReady       
00003679  memp_free                   
000036b1  udp_sendto                  
000036e9  EMACConfigSet               
0000371d  EMACIntClear                
00003751  SysCtlPeripheralEnable      
00003785  tivaif_init                 
000037b9  ip4_addr_isbroadcast        
000037eb  EMACIntStatus               
00003819  etharp_request              
00003845  GPIODirModeSet              
0000386f  ustrncpy                    
00003899  Timer0IntHandler            
000038c1  pbuf_cat                    
000038e9  udp_receive_data            
00003911  EMACPHYRead                 
00003937  EMACPHYWrite                
00003981  netif_set_link_up           
000039a5  netif_set_up                
000039c9  PWMGenConfigure             
000039eb  memcmp                      
00003a2d  lwIPTimer                   
00003a4d  sys_timeouts_init           
00003a6d  usprintf                    
00003a8d  EMACAddrGet                 
00003aab  PWMPulseWidthSet            
00003ae5  udp_new                     
00003b01  UARTprintf                  
00003b1b  lwip_htonl                  
00003b1b  lwip_ntohl                  
00003b35  GPIOPinTypeGPIOOutput       
00003b65  _args_main                  
00003b7d  EMACReset                   
00003b93  EMACRxEnable                
00003ba9  EMACTxEnable                
00003bbf  pbuf_ref                    
00003bd5  SysCtlPWMClockSet           
00003be9  netif_set_addr              
00003bfd  _register_unlock            
00003c03  _register_lock              
00003c0b  _nop                        
00003c11  sys_arch_unprotect          
00003c25  GPIOPinTypeEthernetLED      
00003c37  GPIOPinTypePWM              
00003c49  GPIOPinTypeQEI              
00003c5b  PWMGenPeriodGet             
00003c6d  PWMOutputState              
00003c7f  TimerLoadSet                
00003c91  netif_set_link_down         
00003ca3  pbuf_clen                   
00003cb5  EMACFrameFilterSet          
00003cc5  IntMasterEnable             
00003cd5  PWMGenPeriodSet             
00003ce5  QEIVelocityConfigure        
00003cf5  inet_chksum                 
00003d05  lwip_init                   
00003d15  pbuf_chain                  
00003d25  sys_arch_protect            
00003d35  QEIConfigure                
00003d43  QEIDirectionGet             
00003d51  TimerEnable                 
00003d5f  __TI_decompress_none        
00003d6d  CPUcpsie                    
00003d79  PWMGenDisable               
00003d85  PWMGenEnable                
00003d91  SysCtlMOSCConfigSet         
00003d9d  __TI_zero_init              
00003da9  lwIPLocalIPAddrGet          
00003db5  lwip_htons                  
00003db5  lwip_ntohs                  
00003dc1  netif_set_default           
00003dcd  netif_set_gw                
00003dd9  netif_set_ipaddr            
00003de5  netif_set_netmask           
00003df1  sys_now                     
00003dfd  QEIEnable                   
00003e07  QEIVelocityEnable           
00003e11  EMACTxDMAPollDemand         
00003e19  TimerIntEnable              
00003e21  icmp_dest_unreach           
00003e29  EMACRxDMADescriptorListSet  
00003e2f  EMACTimestampIntStatus      
00003e35  EMACTxDMADescriptorListSet  
00003e3b  GPIOPinWrite                
00003e41  ResetISR                    
00003e47  SysCtlDelay                 
00003e4d  SysTickIntHandler           
00003e53  __TI_decompress_rle24       
00003e59  udp_recv                    
00003e5f  QEIPositionGet              
00003e63  QEIPositionSet              
00003e67  QEIVelocityGet              
00003e6b  _system_pre_init            
00004140  ip_addr_any                 
00004144  ip_addr_broadcast           
00004148  ethbroadcast                
0000414e  ethzero                     
000041d8  __TI_Handler_Table_Base     
000041e4  __TI_Handler_Table_Limit    
000041f0  __TI_CINIT_Base             
00004200  __TI_CINIT_Limit            
20000000  ram_heap                    
20016910  g_pTxDescriptors            
20016c70  g_pRxDescriptors            
20016d90  lwip_stats                  
20016f74  Rpcb                        
20016f78  board_ip                    
20016f7c  controller_ip               
20016f80  current_header              
20016f84  current_iphdr_dest          
20016f88  current_iphdr_src           
20016f8c  current_netif               
20016f90  device_gateway              
20016f94  device_ip                   
20016f98  device_subnet               
20016f9c  g_pfnTimerHandler           
20016fa0  g_ui32AbnormalInts          
20016fac  g_ui32IPAddress             
20016fb4  g_ui32NormalInts            
20016fb8  g_ui32SysClock              
20016fc0  netif_default               
20016fc4  netif_list                  
20016fdc  udp_pcbs                    
20016fe4  pwmValue                    
20016fe5  sendEncoder                 
20016fe6  setPWMvalue                 
20016fe8  __stack                     
200171e8  __STACK_TOP                 
20017fe8  __STACK_END                 
20017fec  g_TxDescList                
20017ffc  g_RxDescList                
20018018  g_ui32LocalTimer            
2001802c  _lock                       
20018030  _unlock                     
20018034  __TI_cleanup_ptr            
20018038  __TI_dtors_ptr              
20018041  gotIP                       
20018044  main_func_sp                
ffffffff  __binit__                   
ffffffff  __c_args__                  
ffffffff  binit                       
UNDEFED   SHT$$INIT_ARRAY$$Base       
UNDEFED   SHT$$INIT_ARRAY$$Limit      

[221 symbols]
