<?xml version="1.0"?>
<link_info>
   <banner>TI ARM Linker PC v5.2.5</banner>
   <copyright>Copyright (c) 1996-2015 Texas Instruments Incorporated</copyright>
   <link_time>0x583ec4cf</link_time>
   <link_errors>0x0</link_errors>
   <output_file>hip_encoder.out</output_file>
   <entry_point>
      <name>_c_int00</name>
      <address>0x3091</address>
   </entry_point>
   <input_file_list>
      <input_file id="fl-2">
         <path>.\</path>
         <kind>object</kind>
         <file>main.obj</file>
         <name>main.obj</name>
      </input_file>
      <input_file id="fl-3">
         <path>.\</path>
         <kind>object</kind>
         <file>pinout.obj</file>
         <name>pinout.obj</name>
      </input_file>
      <input_file id="fl-4">
         <path>.\</path>
         <kind>object</kind>
         <file>tm4c1294ncpdt_startup_ccs.obj</file>
         <name>tm4c1294ncpdt_startup_ccs.obj</name>
      </input_file>
      <input_file id="fl-5">
         <path>.\utils\</path>
         <kind>object</kind>
         <file>lwiplib.obj</file>
         <name>lwiplib.obj</name>
      </input_file>
      <input_file id="fl-6">
         <path>.\utils\</path>
         <kind>object</kind>
         <file>uartstdio.obj</file>
         <name>uartstdio.obj</name>
      </input_file>
      <input_file id="fl-7">
         <path>.\utils\</path>
         <kind>object</kind>
         <file>ustdlib.obj</file>
         <name>ustdlib.obj</name>
      </input_file>
      <input_file id="fl-12e">
         <path>C:\ti\ccsv6\tools\compiler\ti-cgt-arm_5.2.5\lib\</path>
         <kind>archive</kind>
         <file>rtsv7M4_T_le_v4SPD16_eabi.lib</file>
         <name>boot.obj</name>
      </input_file>
      <input_file id="fl-12f">
         <path>C:\ti\ccsv6\tools\compiler\ti-cgt-arm_5.2.5\lib\</path>
         <kind>archive</kind>
         <file>rtsv7M4_T_le_v4SPD16_eabi.lib</file>
         <name>copy_decompress_none.obj</name>
      </input_file>
      <input_file id="fl-130">
         <path>C:\ti\ccsv6\tools\compiler\ti-cgt-arm_5.2.5\lib\</path>
         <kind>archive</kind>
         <file>rtsv7M4_T_le_v4SPD16_eabi.lib</file>
         <name>copy_decompress_rle.obj</name>
      </input_file>
      <input_file id="fl-131">
         <path>C:\ti\ccsv6\tools\compiler\ti-cgt-arm_5.2.5\lib\</path>
         <kind>archive</kind>
         <file>rtsv7M4_T_le_v4SPD16_eabi.lib</file>
         <name>copy_zero_init.obj</name>
      </input_file>
      <input_file id="fl-132">
         <path>C:\ti\ccsv6\tools\compiler\ti-cgt-arm_5.2.5\lib\</path>
         <kind>archive</kind>
         <file>rtsv7M4_T_le_v4SPD16_eabi.lib</file>
         <name>exit.obj</name>
      </input_file>
      <input_file id="fl-133">
         <path>C:\ti\ccsv6\tools\compiler\ti-cgt-arm_5.2.5\lib\</path>
         <kind>archive</kind>
         <file>rtsv7M4_T_le_v4SPD16_eabi.lib</file>
         <name>memcmp.obj</name>
      </input_file>
      <input_file id="fl-134">
         <path>C:\ti\ccsv6\tools\compiler\ti-cgt-arm_5.2.5\lib\</path>
         <kind>archive</kind>
         <file>rtsv7M4_T_le_v4SPD16_eabi.lib</file>
         <name>memcpy_t2.obj</name>
      </input_file>
      <input_file id="fl-135">
         <path>C:\ti\ccsv6\tools\compiler\ti-cgt-arm_5.2.5\lib\</path>
         <kind>archive</kind>
         <file>rtsv7M4_T_le_v4SPD16_eabi.lib</file>
         <name>memset_t2.obj</name>
      </input_file>
      <input_file id="fl-136">
         <path>C:\ti\ccsv6\tools\compiler\ti-cgt-arm_5.2.5\lib\</path>
         <kind>archive</kind>
         <file>rtsv7M4_T_le_v4SPD16_eabi.lib</file>
         <name>pre_init.obj</name>
      </input_file>
      <input_file id="fl-137">
         <path>C:\ti\ccsv6\tools\compiler\ti-cgt-arm_5.2.5\lib\</path>
         <kind>archive</kind>
         <file>rtsv7M4_T_le_v4SPD16_eabi.lib</file>
         <name>stkdepth_vars.obj</name>
      </input_file>
      <input_file id="fl-138">
         <path>C:\ti\ccsv6\tools\compiler\ti-cgt-arm_5.2.5\lib\</path>
         <kind>archive</kind>
         <file>rtsv7M4_T_le_v4SPD16_eabi.lib</file>
         <name>strlen.obj</name>
      </input_file>
      <input_file id="fl-139">
         <path>C:\ti\ccsv6\tools\compiler\ti-cgt-arm_5.2.5\lib\</path>
         <kind>archive</kind>
         <file>rtsv7M4_T_le_v4SPD16_eabi.lib</file>
         <name>u_divt2.obj</name>
      </input_file>
      <input_file id="fl-13a">
         <path>C:\ti\ccsv6\tools\compiler\ti-cgt-arm_5.2.5\lib\</path>
         <kind>archive</kind>
         <file>rtsv7M4_T_le_v4SPD16_eabi.lib</file>
         <name>_lock.obj</name>
      </input_file>
      <input_file id="fl-13b">
         <path>C:\ti\ccsv6\tools\compiler\ti-cgt-arm_5.2.5\lib\</path>
         <kind>archive</kind>
         <file>rtsv7M4_T_le_v4SPD16_eabi.lib</file>
         <name>args_main.obj</name>
      </input_file>
      <input_file id="fl-13c">
         <path>C:\ti\ccsv6\tools\compiler\ti-cgt-arm_5.2.5\lib\</path>
         <kind>archive</kind>
         <file>rtsv7M4_T_le_v4SPD16_eabi.lib</file>
         <name>autoinit.obj</name>
      </input_file>
      <input_file id="fl-13d">
         <path>C:\ti\ccsv6\tools\compiler\ti-cgt-arm_5.2.5\lib\</path>
         <kind>archive</kind>
         <file>rtsv7M4_T_le_v4SPD16_eabi.lib</file>
         <name>cpy_tbl.obj</name>
      </input_file>
      <input_file id="fl-13e">
         <path>C:\ti\ccsv6\tools\compiler\ti-cgt-arm_5.2.5\lib\</path>
         <kind>archive</kind>
         <file>rtsv7M4_T_le_v4SPD16_eabi.lib</file>
         <name>i_div0.obj</name>
      </input_file>
      <input_file id="fl-13f">
         <path>C:\ti\TivaWare_C_Series-2.1.1.71\driverlib\ccs\Debug\</path>
         <kind>archive</kind>
         <file>driverlib.lib</file>
         <name>emac.obj</name>
      </input_file>
      <input_file id="fl-140">
         <path>C:\ti\TivaWare_C_Series-2.1.1.71\driverlib\ccs\Debug\</path>
         <kind>archive</kind>
         <file>driverlib.lib</file>
         <name>gpio.obj</name>
      </input_file>
      <input_file id="fl-141">
         <path>C:\ti\TivaWare_C_Series-2.1.1.71\driverlib\ccs\Debug\</path>
         <kind>archive</kind>
         <file>driverlib.lib</file>
         <name>interrupt.obj</name>
      </input_file>
      <input_file id="fl-142">
         <path>C:\ti\TivaWare_C_Series-2.1.1.71\driverlib\ccs\Debug\</path>
         <kind>archive</kind>
         <file>driverlib.lib</file>
         <name>pwm.obj</name>
      </input_file>
      <input_file id="fl-143">
         <path>C:\ti\TivaWare_C_Series-2.1.1.71\driverlib\ccs\Debug\</path>
         <kind>archive</kind>
         <file>driverlib.lib</file>
         <name>qei.obj</name>
      </input_file>
      <input_file id="fl-144">
         <path>C:\ti\TivaWare_C_Series-2.1.1.71\driverlib\ccs\Debug\</path>
         <kind>archive</kind>
         <file>driverlib.lib</file>
         <name>sw_crc.obj</name>
      </input_file>
      <input_file id="fl-145">
         <path>C:\ti\TivaWare_C_Series-2.1.1.71\driverlib\ccs\Debug\</path>
         <kind>archive</kind>
         <file>driverlib.lib</file>
         <name>sysctl.obj</name>
      </input_file>
      <input_file id="fl-146">
         <path>C:\ti\TivaWare_C_Series-2.1.1.71\driverlib\ccs\Debug\</path>
         <kind>archive</kind>
         <file>driverlib.lib</file>
         <name>timer.obj</name>
      </input_file>
      <input_file id="fl-147">
         <path>C:\ti\TivaWare_C_Series-2.1.1.71\driverlib\ccs\Debug\</path>
         <kind>archive</kind>
         <file>driverlib.lib</file>
         <name>cpu.obj</name>
      </input_file>
   </input_file_list>
   <object_component_list>
      <object_component id="oc-f">
         <name>.intvecs</name>
         <load_address>0x0</load_address>
         <run_address>0x0</run_address>
         <size>0x200</size>
         <input_file_ref idref="fl-4"/>
      </object_component>
      <object_component id="oc-e8">
         <name>.text:main</name>
         <load_address>0x200</load_address>
         <run_address>0x200</run_address>
         <size>0x340</size>
         <input_file_ref idref="fl-2"/>
      </object_component>
      <object_component id="oc-4f4">
         <name>.text:uvsnprintf</name>
         <load_address>0x540</load_address>
         <run_address>0x540</run_address>
         <size>0x24d</size>
         <input_file_ref idref="fl-7"/>
      </object_component>
      <object_component id="oc-36">
         <name>.text:FaultISR</name>
         <load_address>0x78e</load_address>
         <run_address>0x78e</run_address>
         <size>0x2</size>
         <input_file_ref idref="fl-4"/>
      </object_component>
      <object_component id="oc-1c4">
         <name>.text:PinoutSet</name>
         <load_address>0x790</load_address>
         <run_address>0x790</run_address>
         <size>0x214</size>
         <input_file_ref idref="fl-3"/>
      </object_component>
      <object_component id="oc-1ab">
         <name>.text:SysCtlClockFreqSet</name>
         <load_address>0x9a4</load_address>
         <run_address>0x9a4</run_address>
         <size>0x204</size>
         <input_file_ref idref="fl-145"/>
      </object_component>
      <object_component id="oc-311">
         <name>.text:UARTvprintf</name>
         <load_address>0xba8</load_address>
         <run_address>0xba8</run_address>
         <size>0x1ea</size>
         <input_file_ref idref="fl-6"/>
      </object_component>
      <object_component id="oc-3c">
         <name>.text:IntDefaultHandler</name>
         <load_address>0xd92</load_address>
         <run_address>0xd92</run_address>
         <size>0x2</size>
         <input_file_ref idref="fl-4"/>
      </object_component>
      <object_component id="oc-3e7">
         <name>.text:ip_input</name>
         <load_address>0xd94</load_address>
         <run_address>0xd94</run_address>
         <size>0x198</size>
         <input_file_ref idref="fl-5"/>
      </object_component>
      <object_component id="oc-4e0">
         <name>.text:udp_input</name>
         <load_address>0xf2c</load_address>
         <run_address>0xf2c</run_address>
         <size>0x194</size>
         <input_file_ref idref="fl-5"/>
      </object_component>
      <object_component id="oc-4e6">
         <name>.text:icmp_input</name>
         <load_address>0x10c0</load_address>
         <run_address>0x10c0</run_address>
         <size>0x184</size>
         <input_file_ref idref="fl-5"/>
      </object_component>
      <object_component id="oc-144">
         <name>.text:tivaif_receive</name>
         <load_address>0x1244</load_address>
         <run_address>0x1244</run_address>
         <size>0x140</size>
         <input_file_ref idref="fl-5"/>
      </object_component>
      <object_component id="oc-2f3">
         <name>.text:GPIOPadConfigSet</name>
         <load_address>0x1384</load_address>
         <run_address>0x1384</run_address>
         <size>0x130</size>
         <input_file_ref idref="fl-140"/>
      </object_component>
      <object_component id="oc-2b2">
         <name>.text:pbuf_alloc</name>
         <load_address>0x14b4</load_address>
         <run_address>0x14b4</run_address>
         <size>0x12e</size>
         <input_file_ref idref="fl-5"/>
      </object_component>
      <object_component id="oc-30">
         <name>.text:NmiSR</name>
         <load_address>0x15e2</load_address>
         <run_address>0x15e2</run_address>
         <size>0x2</size>
         <input_file_ref idref="fl-4"/>
      </object_component>
      <object_component id="oc-3db">
         <name>.text:etharp_arp_input</name>
         <load_address>0x15e4</load_address>
         <run_address>0x15e4</run_address>
         <size>0x124</size>
         <input_file_ref idref="fl-5"/>
      </object_component>
      <object_component id="oc-537">
         <name>.text:etharp_output</name>
         <load_address>0x1708</load_address>
         <run_address>0x1708</run_address>
         <size>0x118</size>
         <input_file_ref idref="fl-5"/>
      </object_component>
      <object_component id="oc-607">
         <name>.text:etharp_query</name>
         <load_address>0x1820</load_address>
         <run_address>0x1820</run_address>
         <size>0x114</size>
         <input_file_ref idref="fl-5"/>
      </object_component>
      <object_component id="oc-53d">
         <name>.text:tivaif_transmit</name>
         <load_address>0x1934</load_address>
         <run_address>0x1934</run_address>
         <size>0x100</size>
         <input_file_ref idref="fl-5"/>
      </object_component>
      <object_component id="oc-3f4">
         <name>.text:mem_malloc</name>
         <load_address>0x1a34</load_address>
         <run_address>0x1a34</run_address>
         <size>0xf4</size>
         <input_file_ref idref="fl-5"/>
      </object_component>
      <object_component id="oc-1d6">
         <name>.text:lwIPInit</name>
         <load_address>0x1b28</load_address>
         <run_address>0x1b28</run_address>
         <size>0xe4</size>
         <input_file_ref idref="fl-5"/>
      </object_component>
      <object_component id="oc-567">
         <name>.text:mem_trim</name>
         <load_address>0x1c0c</load_address>
         <run_address>0x1c0c</run_address>
         <size>0xe4</size>
         <input_file_ref idref="fl-5"/>
      </object_component>
      <object_component id="oc-559">
         <name>.text:etharp_find_entry</name>
         <load_address>0x1cf0</load_address>
         <run_address>0x1cf0</run_address>
         <size>0xe0</size>
         <input_file_ref idref="fl-5"/>
      </object_component>
      <object_component id="oc-49c">
         <name>.text:udp_sendto_if</name>
         <load_address>0x1dd0</load_address>
         <run_address>0x1dd0</run_address>
         <size>0xc8</size>
         <input_file_ref idref="fl-5"/>
      </object_component>
      <object_component id="oc-5ca">
         <name>.text:InitDMADescriptors</name>
         <load_address>0x1e98</load_address>
         <run_address>0x1e98</run_address>
         <size>0xc4</size>
         <input_file_ref idref="fl-5"/>
      </object_component>
      <object_component id="oc-4a3">
         <name>.text:etharp_raw</name>
         <load_address>0x1f5c</load_address>
         <run_address>0x1f5c</run_address>
         <size>0xc4</size>
         <input_file_ref idref="fl-5"/>
      </object_component>
      <object_component id="oc-531">
         <name>.text:tivaif_hwinit</name>
         <load_address>0x2020</load_address>
         <run_address>0x2020</run_address>
         <size>0xbc</size>
         <input_file_ref idref="fl-5"/>
      </object_component>
      <object_component id="oc-14a">
         <name>.text:lwIPHostTimerHandler</name>
         <load_address>0x20dc</load_address>
         <run_address>0x20dc</run_address>
         <size>0xac</size>
         <input_file_ref idref="fl-2"/>
      </object_component>
      <object_component id="oc-2ac">
         <name>.text:ethernet_input</name>
         <load_address>0x2188</load_address>
         <run_address>0x2188</run_address>
         <size>0xa4</size>
         <input_file_ref idref="fl-5"/>
      </object_component>
      <object_component id="oc-54e">
         <name>.text:ip_output_if</name>
         <load_address>0x222c</load_address>
         <run_address>0x222c</run_address>
         <size>0xa4</size>
         <input_file_ref idref="fl-5"/>
      </object_component>
      <object_component id="oc-57">
         <name>.text</name>
         <load_address>0x22d0</load_address>
         <run_address>0x22d0</run_address>
         <size>0x9c</size>
         <input_file_ref idref="fl-134"/>
      </object_component>
      <object_component id="oc-57f">
         <name>.text:pbuf_copy</name>
         <load_address>0x236c</load_address>
         <run_address>0x236c</run_address>
         <size>0x92</size>
         <input_file_ref idref="fl-5"/>
      </object_component>
      <object_component id="oc-506">
         <name>.text</name>
         <load_address>0x23fe</load_address>
         <run_address>0x23fe</run_address>
         <size>0x2</size>
         <input_file_ref idref="fl-13e"/>
      </object_component>
      <object_component id="oc-1dc">
         <name>.text:SetupPWM</name>
         <load_address>0x2400</load_address>
         <run_address>0x2400</run_address>
         <size>0x8c</size>
         <input_file_ref idref="fl-2"/>
      </object_component>
      <object_component id="oc-230">
         <name>.text:SetPWMDuty</name>
         <load_address>0x248c</load_address>
         <run_address>0x248c</run_address>
         <size>0x84</size>
         <input_file_ref idref="fl-2"/>
      </object_component>
      <object_component id="oc-32a">
         <name>.text:lwIPPrivateInit</name>
         <load_address>0x2510</load_address>
         <run_address>0x2510</run_address>
         <size>0x80</size>
         <input_file_ref idref="fl-5"/>
      </object_component>
      <object_component id="oc-138">
         <name>.text:tivaif_process_phy_interrupt</name>
         <load_address>0x2590</load_address>
         <run_address>0x2590</run_address>
         <size>0x7c</size>
         <input_file_ref idref="fl-5"/>
      </object_component>
      <object_component id="oc-70">
         <name>.text</name>
         <load_address>0x260c</load_address>
         <run_address>0x260c</run_address>
         <size>0x7a</size>
         <input_file_ref idref="fl-135"/>
      </object_component>
      <object_component id="oc-324">
         <name>.text:EMACInit</name>
         <load_address>0x2688</load_address>
         <run_address>0x2688</run_address>
         <size>0x78</size>
         <input_file_ref idref="fl-13f"/>
      </object_component>
      <object_component id="oc-4ba">
         <name>.text:etharp_update_arp_entry</name>
         <load_address>0x2700</load_address>
         <run_address>0x2700</run_address>
         <size>0x74</size>
         <input_file_ref idref="fl-5"/>
      </object_component>
      <object_component id="oc-4d4">
         <name>.text:raw_input</name>
         <load_address>0x2774</load_address>
         <run_address>0x2774</run_address>
         <size>0x74</size>
         <input_file_ref idref="fl-5"/>
      </object_component>
      <object_component id="oc-571">
         <name>.text:icmp_send_response</name>
         <load_address>0x27e8</load_address>
         <run_address>0x27e8</run_address>
         <size>0x6c</size>
         <input_file_ref idref="fl-5"/>
      </object_component>
      <object_component id="oc-518">
         <name>.text:memp_init</name>
         <load_address>0x2854</load_address>
         <run_address>0x2854</run_address>
         <size>0x6c</size>
         <input_file_ref idref="fl-5"/>
      </object_component>
      <object_component id="oc-82">
         <name>.text</name>
         <load_address>0x28c0</load_address>
         <run_address>0x28c0</run_address>
         <size>0x6c</size>
         <input_file_ref idref="fl-13c"/>
      </object_component>
      <object_component id="oc-63">
         <name>.text</name>
         <load_address>0x292c</load_address>
         <run_address>0x292c</run_address>
         <size>0x6a</size>
         <input_file_ref idref="fl-130"/>
      </object_component>
      <object_component id="oc-21e">
         <name>.text:IntEnable</name>
         <load_address>0x2998</load_address>
         <run_address>0x2998</run_address>
         <size>0x68</size>
         <input_file_ref idref="fl-141"/>
      </object_component>
      <object_component id="oc-63b">
         <name>.text:lwip_standard_chksum</name>
         <load_address>0x2a00</load_address>
         <run_address>0x2a00</run_address>
         <size>0x68</size>
         <input_file_ref idref="fl-5"/>
      </object_component>
      <object_component id="oc-59d">
         <name>.text:sys_timeout</name>
         <load_address>0x2a68</load_address>
         <run_address>0x2a68</run_address>
         <size>0x68</size>
         <input_file_ref idref="fl-5"/>
      </object_component>
      <object_component id="oc-35e">
         <name>.text:udp_bind</name>
         <load_address>0x2ad0</load_address>
         <run_address>0x2ad0</run_address>
         <size>0x68</size>
         <input_file_ref idref="fl-5"/>
      </object_component>
      <object_component id="oc-4ac">
         <name>.text:plug_holes</name>
         <load_address>0x2b38</load_address>
         <run_address>0x2b38</run_address>
         <size>0x64</size>
         <input_file_ref idref="fl-5"/>
      </object_component>
      <object_component id="oc-3e1">
         <name>.text:pbuf_header</name>
         <load_address>0x2b9c</load_address>
         <run_address>0x2b9c</run_address>
         <size>0x62</size>
         <input_file_ref idref="fl-5"/>
      </object_component>
      <object_component id="oc-212">
         <name>.text:TimerConfigure</name>
         <load_address>0x2c00</load_address>
         <run_address>0x2c00</run_address>
         <size>0x60</size>
         <input_file_ref idref="fl-146"/>
      </object_component>
      <object_component id="oc-30a">
         <name>.text:UARTStdioConfig</name>
         <load_address>0x2c60</load_address>
         <run_address>0x2c60</run_address>
         <size>0x60</size>
         <input_file_ref idref="fl-6"/>
      </object_component>
      <object_component id="oc-3c7">
         <name>.text:mem_free</name>
         <load_address>0x2cc0</load_address>
         <run_address>0x2cc0</run_address>
         <size>0x60</size>
         <input_file_ref idref="fl-5"/>
      </object_component>
      <object_component id="oc-1ca">
         <name>.text:ConfigureUART</name>
         <load_address>0x2d20</load_address>
         <run_address>0x2d20</run_address>
         <size>0x5c</size>
         <input_file_ref idref="fl-2"/>
      </object_component>
      <object_component id="oc-4e">
         <name>.text:lwIPEthernetIntHandler</name>
         <load_address>0x2d7c</load_address>
         <run_address>0x2d7c</run_address>
         <size>0x5c</size>
         <input_file_ref idref="fl-5"/>
      </object_component>
      <object_component id="oc-512">
         <name>.text:mem_init</name>
         <load_address>0x2dd8</load_address>
         <run_address>0x2dd8</run_address>
         <size>0x5c</size>
         <input_file_ref idref="fl-5"/>
      </object_component>
      <object_component id="oc-579">
         <name>.text:inet_chksum_pbuf</name>
         <load_address>0x2e34</load_address>
         <run_address>0x2e34</run_address>
         <size>0x5a</size>
         <input_file_ref idref="fl-5"/>
      </object_component>
      <object_component id="oc-4c8">
         <name>.text:pbuf_realloc</name>
         <load_address>0x2e8e</load_address>
         <run_address>0x2e8e</run_address>
         <size>0x5a</size>
         <input_file_ref idref="fl-5"/>
      </object_component>
      <object_component id="oc-31e">
         <name>.text:EMACPHYConfigSet</name>
         <load_address>0x2ee8</load_address>
         <run_address>0x2ee8</run_address>
         <size>0x58</size>
         <input_file_ref idref="fl-13f"/>
      </object_component>
      <object_component id="oc-3ee">
         <name>.text:memp_malloc</name>
         <load_address>0x2f40</load_address>
         <run_address>0x2f40</run_address>
         <size>0x58</size>
         <input_file_ref idref="fl-5"/>
      </object_component>
      <object_component id="oc-20c">
         <name>.text:udp_init_r</name>
         <load_address>0x2f98</load_address>
         <run_address>0x2f98</run_address>
         <size>0x54</size>
         <input_file_ref idref="fl-2"/>
      </object_component>
      <object_component id="oc-13e">
         <name>.text:tivaif_process_transmit</name>
         <load_address>0x2fec</load_address>
         <run_address>0x2fec</run_address>
         <size>0x52</size>
         <input_file_ref idref="fl-5"/>
      </object_component>
      <object_component id="oc-439">
         <name>.text:SysCtlPeripheralReset</name>
         <load_address>0x3040</load_address>
         <run_address>0x3040</run_address>
         <size>0x50</size>
         <input_file_ref idref="fl-145"/>
      </object_component>
      <object_component id="oc-24">
         <name>.text</name>
         <load_address>0x3090</load_address>
         <run_address>0x3090</run_address>
         <size>0x50</size>
         <input_file_ref idref="fl-12e"/>
      </object_component>
      <object_component id="oc-29f">
         <name>.text:pbuf_free</name>
         <load_address>0x30e0</load_address>
         <run_address>0x30e0</run_address>
         <size>0x4e</size>
         <input_file_ref idref="fl-5"/>
      </object_component>
      <object_component id="oc-496">
         <name>.text:ip_route</name>
         <load_address>0x3130</load_address>
         <run_address>0x3130</run_address>
         <size>0x4c</size>
         <input_file_ref idref="fl-5"/>
      </object_component>
      <object_component id="oc-45c">
         <name>.text:netif_add</name>
         <load_address>0x317c</load_address>
         <run_address>0x317c</run_address>
         <size>0x4c</size>
         <input_file_ref idref="fl-5"/>
      </object_component>
      <object_component id="oc-e0">
         <name>.text</name>
         <load_address>0x31c8</load_address>
         <run_address>0x31c8</run_address>
         <size>0x4c</size>
         <input_file_ref idref="fl-13d"/>
      </object_component>
      <object_component id="oc-ad">
         <name>.text:tivaif_interrupt</name>
         <load_address>0x3214</load_address>
         <run_address>0x3214</run_address>
         <size>0x4c</size>
         <input_file_ref idref="fl-5"/>
      </object_component>
      <object_component id="oc-47f">
         <name>.text:udp_new_port</name>
         <load_address>0x3260</load_address>
         <run_address>0x3260</run_address>
         <size>0x4c</size>
         <input_file_ref idref="fl-5"/>
      </object_component>
      <object_component id="oc-1e2">
         <name>.text:GPIOPinConfigure</name>
         <load_address>0x32ac</load_address>
         <run_address>0x32ac</run_address>
         <size>0x48</size>
         <input_file_ref idref="fl-140"/>
      </object_component>
      <object_component id="oc-42b">
         <name>.text:UARTwrite</name>
         <load_address>0x32f4</load_address>
         <run_address>0x32f4</run_address>
         <size>0x48</size>
         <input_file_ref idref="fl-6"/>
      </object_component>
      <object_component id="oc-2e2">
         <name>.text:_SysCtlFrequencyGet</name>
         <load_address>0x333c</load_address>
         <run_address>0x333c</run_address>
         <size>0x48</size>
         <input_file_ref idref="fl-145"/>
      </object_component>
      <object_component id="oc-601">
         <name>.text:etharp_output_to_arp_index</name>
         <load_address>0x3384</load_address>
         <run_address>0x3384</run_address>
         <size>0x48</size>
         <input_file_ref idref="fl-5"/>
      </object_component>
      <object_component id="oc-615">
         <name>.text:tivaif_check_pbuf</name>
         <load_address>0x33cc</load_address>
         <run_address>0x33cc</run_address>
         <size>0x48</size>
         <input_file_ref idref="fl-5"/>
      </object_component>
      <object_component id="oc-634">
         <name>.text:ip_output</name>
         <load_address>0x3414</load_address>
         <run_address>0x3414</run_address>
         <size>0x44</size>
         <input_file_ref idref="fl-5"/>
      </object_component>
      <object_component id="oc-8e">
         <name>.text</name>
         <load_address>0x3458</load_address>
         <run_address>0x3458</run_address>
         <size>0x44</size>
         <input_file_ref idref="fl-132"/>
      </object_component>
      <object_component id="oc-150">
         <name>.text:etharp_tmr</name>
         <load_address>0x349c</load_address>
         <run_address>0x349c</run_address>
         <size>0x40</size>
         <input_file_ref idref="fl-5"/>
      </object_component>
      <object_component id="oc-431">
         <name>.text</name>
         <load_address>0x34dc</load_address>
         <run_address>0x34dc</run_address>
         <size>0x40</size>
         <input_file_ref idref="fl-139"/>
      </object_component>
      <object_component id="oc-b3">
         <name>.text:lwIPServiceTimers</name>
         <load_address>0x351c</load_address>
         <run_address>0x351c</run_address>
         <size>0x3c</size>
         <input_file_ref idref="fl-5"/>
      </object_component>
      <object_component id="oc-248">
         <name>.text:udp_send_data</name>
         <load_address>0x3558</load_address>
         <run_address>0x3558</run_address>
         <size>0x3c</size>
         <input_file_ref idref="fl-2"/>
      </object_component>
      <object_component id="oc-5f4">
         <name>.text:EMACIntEnable</name>
         <load_address>0x3594</load_address>
         <run_address>0x3594</run_address>
         <size>0x3a</size>
         <input_file_ref idref="fl-13f"/>
      </object_component>
      <object_component id="oc-2c1">
         <name>.text:DisplayIPAddress</name>
         <load_address>0x35d0</load_address>
         <run_address>0x35d0</run_address>
         <size>0x38</size>
         <input_file_ref idref="fl-2"/>
      </object_component>
      <object_component id="oc-292">
         <name>.text:EMACConfigGet</name>
         <load_address>0x3608</load_address>
         <run_address>0x3608</run_address>
         <size>0x38</size>
         <input_file_ref idref="fl-13f"/>
      </object_component>
      <object_component id="oc-43f">
         <name>.text:SysCtlPeripheralReady</name>
         <load_address>0x3640</load_address>
         <run_address>0x3640</run_address>
         <size>0x38</size>
         <input_file_ref idref="fl-145"/>
      </object_component>
      <object_component id="oc-3cd">
         <name>.text:memp_free</name>
         <load_address>0x3678</load_address>
         <run_address>0x3678</run_address>
         <size>0x38</size>
         <input_file_ref idref="fl-5"/>
      </object_component>
      <object_component id="oc-3a0">
         <name>.text:udp_sendto</name>
         <load_address>0x36b0</load_address>
         <run_address>0x36b0</run_address>
         <size>0x38</size>
         <input_file_ref idref="fl-5"/>
      </object_component>
      <object_component id="oc-298">
         <name>.text:EMACConfigSet</name>
         <load_address>0x36e8</load_address>
         <run_address>0x36e8</run_address>
         <size>0x34</size>
         <input_file_ref idref="fl-13f"/>
      </object_component>
      <object_component id="oc-5e2">
         <name>.text:EMACIntClear</name>
         <load_address>0x371c</load_address>
         <run_address>0x371c</run_address>
         <size>0x34</size>
         <input_file_ref idref="fl-13f"/>
      </object_component>
      <object_component id="oc-1b1">
         <name>.text:SysCtlPeripheralEnable</name>
         <load_address>0x3750</load_address>
         <run_address>0x3750</run_address>
         <size>0x34</size>
         <input_file_ref idref="fl-145"/>
      </object_component>
      <object_component id="oc-46e">
         <name>.text:tivaif_init</name>
         <load_address>0x3784</load_address>
         <run_address>0x3784</run_address>
         <size>0x34</size>
         <input_file_ref idref="fl-5"/>
      </object_component>
      <object_component id="oc-4ce">
         <name>.text:ip4_addr_isbroadcast</name>
         <load_address>0x37b8</load_address>
         <run_address>0x37b8</run_address>
         <size>0x32</size>
         <input_file_ref idref="fl-5"/>
      </object_component>
      <object_component id="oc-5dc">
         <name>.text:EMACIntStatus</name>
         <load_address>0x37ea</load_address>
         <run_address>0x37ea</run_address>
         <size>0x2c</size>
         <input_file_ref idref="fl-13f"/>
      </object_component>
      <object_component id="oc-3b2">
         <name>.text:etharp_request</name>
         <load_address>0x3818</load_address>
         <run_address>0x3818</run_address>
         <size>0x2c</size>
         <input_file_ref idref="fl-5"/>
      </object_component>
      <object_component id="oc-2f9">
         <name>.text:GPIODirModeSet</name>
         <load_address>0x3844</load_address>
         <run_address>0x3844</run_address>
         <size>0x2a</size>
         <input_file_ref idref="fl-140"/>
      </object_component>
      <object_component id="oc-586">
         <name>.text:ustrncpy</name>
         <load_address>0x386e</load_address>
         <run_address>0x386e</run_address>
         <size>0x2a</size>
         <input_file_ref idref="fl-7"/>
      </object_component>
      <object_component id="oc-48">
         <name>.text:Timer0IntHandler</name>
         <load_address>0x3898</load_address>
         <run_address>0x3898</run_address>
         <size>0x28</size>
         <input_file_ref idref="fl-2"/>
      </object_component>
      <object_component id="oc-2a6">
         <name>.text:pbuf_cat</name>
         <load_address>0x38c0</load_address>
         <run_address>0x38c0</run_address>
         <size>0x28</size>
         <input_file_ref idref="fl-5"/>
      </object_component>
      <object_component id="oc-36d">
         <name>.text:udp_receive_data</name>
         <load_address>0x38e8</load_address>
         <run_address>0x38e8</run_address>
         <size>0x28</size>
         <input_file_ref idref="fl-2"/>
      </object_component>
      <object_component id="oc-280">
         <name>.text:EMACPHYRead</name>
         <load_address>0x3910</load_address>
         <run_address>0x3910</run_address>
         <size>0x26</size>
         <input_file_ref idref="fl-13f"/>
      </object_component>
      <object_component id="oc-5d0">
         <name>.text:EMACPHYWrite</name>
         <load_address>0x3936</load_address>
         <run_address>0x3936</run_address>
         <size>0x26</size>
         <input_file_ref idref="fl-13f"/>
      </object_component>
      <object_component id="oc-2c9">
         <name>.text:etharp_free_entry</name>
         <load_address>0x395c</load_address>
         <run_address>0x395c</run_address>
         <size>0x24</size>
         <input_file_ref idref="fl-5"/>
      </object_component>
      <object_component id="oc-28c">
         <name>.text:netif_set_link_up</name>
         <load_address>0x3980</load_address>
         <run_address>0x3980</run_address>
         <size>0x24</size>
         <input_file_ref idref="fl-5"/>
      </object_component>
      <object_component id="oc-468">
         <name>.text:netif_set_up</name>
         <load_address>0x39a4</load_address>
         <run_address>0x39a4</run_address>
         <size>0x24</size>
         <input_file_ref idref="fl-5"/>
      </object_component>
      <object_component id="oc-340">
         <name>.text:PWMGenConfigure</name>
         <load_address>0x39c8</load_address>
         <run_address>0x39c8</run_address>
         <size>0x22</size>
         <input_file_ref idref="fl-142"/>
      </object_component>
      <object_component id="oc-3d5">
         <name>.text</name>
         <load_address>0x39ea</load_address>
         <run_address>0x39ea</run_address>
         <size>0x22</size>
         <input_file_ref idref="fl-133"/>
      </object_component>
      <object_component id="oc-55f">
         <name>.text:etharp_send_ip</name>
         <load_address>0x3a0c</load_address>
         <run_address>0x3a0c</run_address>
         <size>0x20</size>
         <input_file_ref idref="fl-5"/>
      </object_component>
      <object_component id="oc-9c">
         <name>.text:lwIPTimer</name>
         <load_address>0x3a2c</load_address>
         <run_address>0x3a2c</run_address>
         <size>0x20</size>
         <input_file_ref idref="fl-5"/>
      </object_component>
      <object_component id="oc-51e">
         <name>.text:sys_timeouts_init</name>
         <load_address>0x3a4c</load_address>
         <run_address>0x3a4c</run_address>
         <size>0x20</size>
         <input_file_ref idref="fl-5"/>
      </object_component>
      <object_component id="oc-3fe">
         <name>.text:usprintf</name>
         <load_address>0x3a6c</load_address>
         <run_address>0x3a6c</run_address>
         <size>0x20</size>
         <input_file_ref idref="fl-7"/>
      </object_component>
      <object_component id="oc-5c4">
         <name>.text:EMACAddrGet</name>
         <load_address>0x3a8c</load_address>
         <run_address>0x3a8c</run_address>
         <size>0x1e</size>
         <input_file_ref idref="fl-13f"/>
      </object_component>
      <object_component id="oc-384">
         <name>.text:PWMPulseWidthSet</name>
         <load_address>0x3aaa</load_address>
         <run_address>0x3aaa</run_address>
         <size>0x1e</size>
         <input_file_ref idref="fl-142"/>
      </object_component>
      <object_component id="oc-2dc">
         <name>.text:_SysCtlMemTimingGet</name>
         <load_address>0x3ac8</load_address>
         <run_address>0x3ac8</run_address>
         <size>0x1c</size>
         <input_file_ref idref="fl-145"/>
      </object_component>
      <object_component id="oc-358">
         <name>.text:udp_new</name>
         <load_address>0x3ae4</load_address>
         <run_address>0x3ae4</run_address>
         <size>0x1c</size>
         <input_file_ref idref="fl-5"/>
      </object_component>
      <object_component id="oc-1d0">
         <name>.text:UARTprintf</name>
         <load_address>0x3b00</load_address>
         <run_address>0x3b00</run_address>
         <size>0x1a</size>
         <input_file_ref idref="fl-6"/>
      </object_component>
      <object_component id="oc-456">
         <name>.text:lwip_htonl</name>
         <load_address>0x3b1a</load_address>
         <run_address>0x3b1a</run_address>
         <size>0x1a</size>
         <input_file_ref idref="fl-5"/>
      </object_component>
      <object_component id="oc-1b8">
         <name>.text:GPIOPinTypeGPIOOutput</name>
         <load_address>0x3b34</load_address>
         <run_address>0x3b34</run_address>
         <size>0x18</size>
         <input_file_ref idref="fl-140"/>
      </object_component>
      <object_component id="oc-5a9">
         <name>.text:arp_timer</name>
         <load_address>0x3b4c</load_address>
         <run_address>0x3b4c</run_address>
         <size>0x18</size>
         <input_file_ref idref="fl-5"/>
      </object_component>
      <object_component id="oc-88">
         <name>.text</name>
         <load_address>0x3b64</load_address>
         <run_address>0x3b64</run_address>
         <size>0x18</size>
         <input_file_ref idref="fl-13b"/>
      </object_component>
      <object_component id="oc-445">
         <name>.text:EMACReset</name>
         <load_address>0x3b7c</load_address>
         <run_address>0x3b7c</run_address>
         <size>0x16</size>
         <input_file_ref idref="fl-13f"/>
      </object_component>
      <object_component id="oc-5ee">
         <name>.text:EMACRxEnable</name>
         <load_address>0x3b92</load_address>
         <run_address>0x3b92</run_address>
         <size>0x16</size>
         <input_file_ref idref="fl-13f"/>
      </object_component>
      <object_component id="oc-5e8">
         <name>.text:EMACTxEnable</name>
         <load_address>0x3ba8</load_address>
         <run_address>0x3ba8</run_address>
         <size>0x16</size>
         <input_file_ref idref="fl-13f"/>
      </object_component>
      <object_component id="oc-60f">
         <name>.text:pbuf_ref</name>
         <load_address>0x3bbe</load_address>
         <run_address>0x3bbe</run_address>
         <size>0x16</size>
         <input_file_ref idref="fl-5"/>
      </object_component>
      <object_component id="oc-334">
         <name>.text:SysCtlPWMClockSet</name>
         <load_address>0x3bd4</load_address>
         <run_address>0x3bd4</run_address>
         <size>0x14</size>
         <input_file_ref idref="fl-145"/>
      </object_component>
      <object_component id="oc-526">
         <name>.text:netif_set_addr</name>
         <load_address>0x3be8</load_address>
         <run_address>0x3be8</run_address>
         <size>0x14</size>
         <input_file_ref idref="fl-5"/>
      </object_component>
      <object_component id="oc-262">
         <name>.text</name>
         <load_address>0x3bfc</load_address>
         <run_address>0x3bfc</run_address>
         <size>0x14</size>
         <input_file_ref idref="fl-13a"/>
      </object_component>
      <object_component id="oc-3c1">
         <name>.text:sys_arch_unprotect</name>
         <load_address>0x3c10</load_address>
         <run_address>0x3c10</run_address>
         <size>0x14</size>
         <input_file_ref idref="fl-5"/>
      </object_component>
      <object_component id="oc-302">
         <name>.text:GPIOPinTypeEthernetLED</name>
         <load_address>0x3c24</load_address>
         <run_address>0x3c24</run_address>
         <size>0x12</size>
         <input_file_ref idref="fl-140"/>
      </object_component>
      <object_component id="oc-33a">
         <name>.text:GPIOPinTypePWM</name>
         <load_address>0x3c36</load_address>
         <run_address>0x3c36</run_address>
         <size>0x12</size>
         <input_file_ref idref="fl-140"/>
      </object_component>
      <object_component id="oc-1e8">
         <name>.text:GPIOPinTypeQEI</name>
         <load_address>0x3c48</load_address>
         <run_address>0x3c48</run_address>
         <size>0x12</size>
         <input_file_ref idref="fl-140"/>
      </object_component>
      <object_component id="oc-37e">
         <name>.text:PWMGenPeriodGet</name>
         <load_address>0x3c5a</load_address>
         <run_address>0x3c5a</run_address>
         <size>0x12</size>
         <input_file_ref idref="fl-142"/>
      </object_component>
      <object_component id="oc-38a">
         <name>.text:PWMOutputState</name>
         <load_address>0x3c6c</load_address>
         <run_address>0x3c6c</run_address>
         <size>0x12</size>
         <input_file_ref idref="fl-142"/>
      </object_component>
      <object_component id="oc-218">
         <name>.text:TimerLoadSet</name>
         <load_address>0x3c7e</load_address>
         <run_address>0x3c7e</run_address>
         <size>0x12</size>
         <input_file_ref idref="fl-146"/>
      </object_component>
      <object_component id="oc-286">
         <name>.text:netif_set_link_down</name>
         <load_address>0x3c90</load_address>
         <run_address>0x3c90</run_address>
         <size>0x12</size>
         <input_file_ref idref="fl-5"/>
      </object_component>
      <object_component id="oc-61b">
         <name>.text:pbuf_clen</name>
         <load_address>0x3ca2</load_address>
         <run_address>0x3ca2</run_address>
         <size>0x12</size>
         <input_file_ref idref="fl-5"/>
      </object_component>
      <object_component id="oc-5d6">
         <name>.text:EMACFrameFilterSet</name>
         <load_address>0x3cb4</load_address>
         <run_address>0x3cb4</run_address>
         <size>0x10</size>
         <input_file_ref idref="fl-13f"/>
      </object_component>
      <object_component id="oc-5fa">
         <name>.text:IntMasterEnable</name>
         <load_address>0x3cc4</load_address>
         <run_address>0x3cc4</run_address>
         <size>0x10</size>
         <input_file_ref idref="fl-141"/>
      </object_component>
      <object_component id="oc-346">
         <name>.text:PWMGenPeriodSet</name>
         <load_address>0x3cd4</load_address>
         <run_address>0x3cd4</run_address>
         <size>0x10</size>
         <input_file_ref idref="fl-142"/>
      </object_component>
      <object_component id="oc-1f4">
         <name>.text:QEIVelocityConfigure</name>
         <load_address>0x3ce4</load_address>
         <run_address>0x3ce4</run_address>
         <size>0x10</size>
         <input_file_ref idref="fl-143"/>
      </object_component>
      <object_component id="oc-62e">
         <name>.text:inet_chksum</name>
         <load_address>0x3cf4</load_address>
         <run_address>0x3cf4</run_address>
         <size>0x10</size>
         <input_file_ref idref="fl-5"/>
      </object_component>
      <object_component id="oc-450">
         <name>.text:lwip_init</name>
         <load_address>0x3d04</load_address>
         <run_address>0x3d04</run_address>
         <size>0x10</size>
         <input_file_ref idref="fl-5"/>
      </object_component>
      <object_component id="oc-548">
         <name>.text:pbuf_chain</name>
         <load_address>0x3d14</load_address>
         <run_address>0x3d14</run_address>
         <size>0x10</size>
         <input_file_ref idref="fl-5"/>
      </object_component>
      <object_component id="oc-3bb">
         <name>.text:sys_arch_protect</name>
         <load_address>0x3d24</load_address>
         <run_address>0x3d24</run_address>
         <size>0x10</size>
         <input_file_ref idref="fl-5"/>
      </object_component>
      <object_component id="oc-1ee">
         <name>.text:QEIConfigure</name>
         <load_address>0x3d34</load_address>
         <run_address>0x3d34</run_address>
         <size>0xe</size>
         <input_file_ref idref="fl-143"/>
      </object_component>
      <object_component id="oc-23c">
         <name>.text:QEIDirectionGet</name>
         <load_address>0x3d42</load_address>
         <run_address>0x3d42</run_address>
         <size>0xe</size>
         <input_file_ref idref="fl-143"/>
      </object_component>
      <object_component id="oc-22a">
         <name>.text:TimerEnable</name>
         <load_address>0x3d50</load_address>
         <run_address>0x3d50</run_address>
         <size>0xe</size>
         <input_file_ref idref="fl-146"/>
      </object_component>
      <object_component id="oc-12">
         <name>.text:decompress:none</name>
         <load_address>0x3d5e</load_address>
         <run_address>0x3d5e</run_address>
         <size>0xe</size>
         <input_file_ref idref="fl-12f"/>
      </object_component>
      <object_component id="oc-664">
         <name>.text:CPUcpsie</name>
         <load_address>0x3d6c</load_address>
         <run_address>0x3d6c</run_address>
         <size>0xc</size>
         <input_file_ref idref="fl-147"/>
      </object_component>
      <object_component id="oc-396">
         <name>.text:PWMGenDisable</name>
         <load_address>0x3d78</load_address>
         <run_address>0x3d78</run_address>
         <size>0xc</size>
         <input_file_ref idref="fl-142"/>
      </object_component>
      <object_component id="oc-390">
         <name>.text:PWMGenEnable</name>
         <load_address>0x3d84</load_address>
         <run_address>0x3d84</run_address>
         <size>0xc</size>
         <input_file_ref idref="fl-142"/>
      </object_component>
      <object_component id="oc-1a5">
         <name>.text:SysCtlMOSCConfigSet</name>
         <load_address>0x3d90</load_address>
         <run_address>0x3d90</run_address>
         <size>0xc</size>
         <input_file_ref idref="fl-145"/>
      </object_component>
      <object_component id="oc-1e">
         <name>.text:decompress:ZI</name>
         <load_address>0x3d9c</load_address>
         <run_address>0x3d9c</run_address>
         <size>0xc</size>
         <input_file_ref idref="fl-131"/>
      </object_component>
      <object_component id="oc-2bb">
         <name>.text:lwIPLocalIPAddrGet</name>
         <load_address>0x3da8</load_address>
         <run_address>0x3da8</run_address>
         <size>0xc</size>
         <input_file_ref idref="fl-5"/>
      </object_component>
      <object_component id="oc-4c0">
         <name>.text:lwip_htons</name>
         <load_address>0x3db4</load_address>
         <run_address>0x3db4</run_address>
         <size>0xc</size>
         <input_file_ref idref="fl-5"/>
      </object_component>
      <object_component id="oc-462">
         <name>.text:netif_set_default</name>
         <load_address>0x3dc0</load_address>
         <run_address>0x3dc0</run_address>
         <size>0xc</size>
         <input_file_ref idref="fl-5"/>
      </object_component>
      <object_component id="oc-5bd">
         <name>.text:netif_set_gw</name>
         <load_address>0x3dcc</load_address>
         <run_address>0x3dcc</run_address>
         <size>0xc</size>
         <input_file_ref idref="fl-5"/>
      </object_component>
      <object_component id="oc-5b1">
         <name>.text:netif_set_ipaddr</name>
         <load_address>0x3dd8</load_address>
         <run_address>0x3dd8</run_address>
         <size>0xc</size>
         <input_file_ref idref="fl-5"/>
      </object_component>
      <object_component id="oc-5b7">
         <name>.text:netif_set_netmask</name>
         <load_address>0x3de4</load_address>
         <run_address>0x3de4</run_address>
         <size>0xc</size>
         <input_file_ref idref="fl-5"/>
      </object_component>
      <object_component id="oc-5a3">
         <name>.text:sys_now</name>
         <load_address>0x3df0</load_address>
         <run_address>0x3df0</run_address>
         <size>0xc</size>
         <input_file_ref idref="fl-5"/>
      </object_component>
      <object_component id="oc-1fa">
         <name>.text:QEIEnable</name>
         <load_address>0x3dfc</load_address>
         <run_address>0x3dfc</run_address>
         <size>0xa</size>
         <input_file_ref idref="fl-143"/>
      </object_component>
      <object_component id="oc-200">
         <name>.text:QEIVelocityEnable</name>
         <load_address>0x3e06</load_address>
         <run_address>0x3e06</run_address>
         <size>0xa</size>
         <input_file_ref idref="fl-143"/>
      </object_component>
      <object_component id="oc-621">
         <name>.text:EMACTxDMAPollDemand</name>
         <load_address>0x3e10</load_address>
         <run_address>0x3e10</run_address>
         <size>0x8</size>
         <input_file_ref idref="fl-13f"/>
      </object_component>
      <object_component id="oc-224">
         <name>.text:TimerIntEnable</name>
         <load_address>0x3e18</load_address>
         <run_address>0x3e18</run_address>
         <size>0x8</size>
         <input_file_ref idref="fl-146"/>
      </object_component>
      <object_component id="oc-4da">
         <name>.text:icmp_dest_unreach</name>
         <load_address>0x3e20</load_address>
         <run_address>0x3e20</run_address>
         <size>0x8</size>
         <input_file_ref idref="fl-5"/>
      </object_component>
      <object_component id="oc-650">
         <name>.text:EMACRxDMADescriptorListSet</name>
         <load_address>0x3e28</load_address>
         <run_address>0x3e28</run_address>
         <size>0x6</size>
         <input_file_ref idref="fl-13f"/>
      </object_component>
      <object_component id="oc-a7">
         <name>.text:EMACTimestampIntStatus</name>
         <load_address>0x3e2e</load_address>
         <run_address>0x3e2e</run_address>
         <size>0x6</size>
         <input_file_ref idref="fl-13f"/>
      </object_component>
      <object_component id="oc-656">
         <name>.text:EMACTxDMADescriptorListSet</name>
         <load_address>0x3e34</load_address>
         <run_address>0x3e34</run_address>
         <size>0x6</size>
         <input_file_ref idref="fl-13f"/>
      </object_component>
      <object_component id="oc-1be">
         <name>.text:GPIOPinWrite</name>
         <load_address>0x3e3a</load_address>
         <run_address>0x3e3a</run_address>
         <size>0x6</size>
         <input_file_ref idref="fl-140"/>
      </object_component>
      <object_component id="oc-2a">
         <name>.text:ResetISR</name>
         <load_address>0x3e40</load_address>
         <run_address>0x3e40</run_address>
         <size>0x6</size>
         <input_file_ref idref="fl-4"/>
      </object_component>
      <object_component id="oc-1b7">
         <name>.text:SysCtlDelay</name>
         <load_address>0x3e46</load_address>
         <run_address>0x3e46</run_address>
         <size>0x6</size>
         <input_file_ref idref="fl-145"/>
      </object_component>
      <object_component id="oc-42">
         <name>.text:SysTickIntHandler</name>
         <load_address>0x3e4c</load_address>
         <run_address>0x3e4c</run_address>
         <size>0x6</size>
         <input_file_ref idref="fl-2"/>
      </object_component>
      <object_component id="oc-18">
         <name>.text:decompress:rle24</name>
         <load_address>0x3e52</load_address>
         <run_address>0x3e52</run_address>
         <size>0x6</size>
         <input_file_ref idref="fl-130"/>
      </object_component>
      <object_component id="oc-364">
         <name>.text:udp_recv</name>
         <load_address>0x3e58</load_address>
         <run_address>0x3e58</run_address>
         <size>0x6</size>
         <input_file_ref idref="fl-5"/>
      </object_component>
      <object_component id="oc-236">
         <name>.text:QEIPositionGet</name>
         <load_address>0x3e5e</load_address>
         <run_address>0x3e5e</run_address>
         <size>0x4</size>
         <input_file_ref idref="fl-143"/>
      </object_component>
      <object_component id="oc-206">
         <name>.text:QEIPositionSet</name>
         <load_address>0x3e62</load_address>
         <run_address>0x3e62</run_address>
         <size>0x4</size>
         <input_file_ref idref="fl-143"/>
      </object_component>
      <object_component id="oc-242">
         <name>.text:QEIVelocityGet</name>
         <load_address>0x3e66</load_address>
         <run_address>0x3e66</run_address>
         <size>0x4</size>
         <input_file_ref idref="fl-143"/>
      </object_component>
      <object_component id="oc-7c">
         <name>.text</name>
         <load_address>0x3e6a</load_address>
         <run_address>0x3e6a</run_address>
         <size>0x4</size>
         <input_file_ref idref="fl-136"/>
      </object_component>
      <object_component id="oc-2eb">
         <name>.const:g_pppui32XTALtoVCO</name>
         <load_address>0x3e70</load_address>
         <run_address>0x3e70</run_address>
         <size>0x120</size>
         <input_file_ref idref="fl-145"/>
      </object_component>
      <object_component id="oc-34d">
         <name>.const:g_pui32GPIOBaseAddrs</name>
         <load_address>0x3f90</load_address>
         <run_address>0x3f90</run_address>
         <size>0x90</size>
         <input_file_ref idref="fl-140"/>
      </object_component>
      <object_component id="oc-377">
         <name>.const</name>
         <load_address>0x4020</load_address>
         <run_address>0x4020</run_address>
         <size>0x70</size>
         <input_file_ref idref="fl-141"/>
      </object_component>
      <object_component id="oc-2e8">
         <name>.const:g_pui32Xtals</name>
         <load_address>0x4090</load_address>
         <run_address>0x4090</run_address>
         <size>0x6c</size>
         <input_file_ref idref="fl-145"/>
      </object_component>
      <object_component id="oc-40f">
         <name>.const:g_sXTALtoMEMTIM</name>
         <load_address>0x40fc</load_address>
         <run_address>0x40fc</run_address>
         <size>0x30</size>
         <input_file_ref idref="fl-145"/>
      </object_component>
      <object_component id="oc-36a">
         <name>.const</name>
         <load_address>0x412c</load_address>
         <run_address>0x412c</run_address>
         <size>0x28</size>
         <input_file_ref idref="fl-5"/>
      </object_component>
      <object_component id="oc-421">
         <name>.const</name>
         <load_address>0x4154</load_address>
         <run_address>0x4154</run_address>
         <size>0x1c</size>
         <input_file_ref idref="fl-6"/>
      </object_component>
      <object_component id="oc-44c">
         <name>.const</name>
         <load_address>0x4170</load_address>
         <run_address>0x4170</run_address>
         <size>0x18</size>
         <input_file_ref idref="fl-13f"/>
      </object_component>
      <object_component id="oc-4fe">
         <name>.const:.string</name>
         <load_address>0x4188</load_address>
         <run_address>0x4188</run_address>
         <size>0x12</size>
         <input_file_ref idref="fl-6"/>
      </object_component>
      <object_component id="oc-2ee">
         <name>.const</name>
         <load_address>0x419c</load_address>
         <run_address>0x419c</run_address>
         <size>0x8</size>
         <input_file_ref idref="fl-145"/>
      </object_component>
      <object_component id="oc-69a">
         <name>.cinit..data.load</name>
         <load_address>0x41a8</load_address>
         <run_address>0x41a8</run_address>
         <size>0x2e</size>
      </object_component>
      <object_component id="oc-698">
         <name>__TI_handler_table</name>
         <load_address>0x41d8</load_address>
         <run_address>0x41d8</run_address>
         <size>0xc</size>
      </object_component>
      <object_component id="oc-69b">
         <name>.cinit..bss.load</name>
         <load_address>0x41e8</load_address>
         <run_address>0x41e8</run_address>
         <size>0x8</size>
      </object_component>
      <object_component id="oc-699">
         <name>__TI_cinit_table</name>
         <load_address>0x41f0</load_address>
         <run_address>0x41f0</run_address>
         <size>0x10</size>
      </object_component>
      <object_component id="oc-29">
         <name>.stack</name>
         <uninitialized>true</uninitialized>
         <run_address>0x20016fe8</run_address>
         <size>0x0</size>
         <input_file_ref idref="fl-12e"/>
      </object_component>
      <object_component id="oc-69c">
         <name>.stack</name>
         <uninitialized>true</uninitialized>
         <run_address>0x20016fe8</run_address>
         <size>0x0</size>
      </object_component>
      <object_component id="oc-595">
         <name>.bss:ram_heap</name>
         <uninitialized>true</uninitialized>
         <run_address>0x20000000</run_address>
         <size>0x1001c</size>
         <input_file_ref idref="fl-5"/>
      </object_component>
      <object_component id="oc-599">
         <name>.bss:memp_memory</name>
         <uninitialized>true</uninitialized>
         <run_address>0x2001001c</run_address>
         <size>0x68f4</size>
         <input_file_ref idref="fl-5"/>
      </object_component>
      <object_component id="oc-2b8">
         <name>.bss:lwip_stats</name>
         <uninitialized>true</uninitialized>
         <run_address>0x20016d90</run_address>
         <size>0xd8</size>
         <input_file_ref idref="fl-5"/>
      </object_component>
      <object_component id="oc-2cf">
         <name>.bss:arp_table</name>
         <uninitialized>true</uninitialized>
         <run_address>0x20016e68</run_address>
         <size>0xc8</size>
         <input_file_ref idref="fl-5"/>
      </object_component>
      <object_component id="oc-270">
         <name>.bss:g_pTxDescriptors</name>
         <uninitialized>true</uninitialized>
         <run_address>0x20016910</run_address>
         <size>0x360</size>
         <input_file_ref idref="fl-5"/>
      </object_component>
      <object_component id="oc-273">
         <name>.bss:g_pRxDescriptors</name>
         <uninitialized>true</uninitialized>
         <run_address>0x20016c70</run_address>
         <size>0x120</size>
         <input_file_ref idref="fl-5"/>
      </object_component>
      <object_component id="oc-bc">
         <name>.bss:g_sNetIF</name>
         <uninitialized>true</uninitialized>
         <run_address>0x20016f30</run_address>
         <size>0x30</size>
         <input_file_ref idref="fl-5"/>
      </object_component>
      <object_component id="oc-2c7">
         <name>.common:g_ui32IPAddress</name>
         <uninitialized>true</uninitialized>
         <run_address>0x20016fac</run_address>
         <size>0x4</size>
      </object_component>
      <object_component id="oc-259">
         <name>.common:g_ui32SysClock</name>
         <uninitialized>true</uninitialized>
         <run_address>0x20016fb8</run_address>
         <size>0x4</size>
      </object_component>
      <object_component id="oc-258">
         <name>.common:Rpcb</name>
         <uninitialized>true</uninitialized>
         <run_address>0x20016f74</run_address>
         <size>0x4</size>
      </object_component>
      <object_component id="oc-257">
         <name>.common:controller_ip</name>
         <uninitialized>true</uninitialized>
         <run_address>0x20016f7c</run_address>
         <size>0x4</size>
      </object_component>
      <object_component id="oc-254">
         <name>.common:board_ip</name>
         <uninitialized>true</uninitialized>
         <run_address>0x20016f78</run_address>
         <size>0x4</size>
      </object_component>
      <object_component id="oc-253">
         <name>.common:device_ip</name>
         <uninitialized>true</uninitialized>
         <run_address>0x20016f94</run_address>
         <size>0x4</size>
      </object_component>
      <object_component id="oc-255">
         <name>.common:device_subnet</name>
         <uninitialized>true</uninitialized>
         <run_address>0x20016f98</run_address>
         <size>0x4</size>
      </object_component>
      <object_component id="oc-256">
         <name>.common:device_gateway</name>
         <uninitialized>true</uninitialized>
         <run_address>0x20016f90</run_address>
         <size>0x4</size>
      </object_component>
      <object_component id="oc-a3">
         <name>.common:sendEncoder</name>
         <uninitialized>true</uninitialized>
         <run_address>0x20016fe5</run_address>
         <size>0x1</size>
      </object_component>
      <object_component id="oc-24e">
         <name>.common:setPWMvalue</name>
         <uninitialized>true</uninitialized>
         <run_address>0x20016fe6</run_address>
         <size>0x1</size>
      </object_component>
      <object_component id="oc-24f">
         <name>.common:pwmValue</name>
         <uninitialized>true</uninitialized>
         <run_address>0x20016fe4</run_address>
         <size>0x1</size>
      </object_component>
      <object_component id="oc-4b2">
         <name>.common:ram</name>
         <uninitialized>true</uninitialized>
         <run_address>0x20016fcc</run_address>
         <size>0x4</size>
      </object_component>
      <object_component id="oc-4b3">
         <name>.common:ram_end</name>
         <uninitialized>true</uninitialized>
         <run_address>0x20016fd0</run_address>
         <size>0x4</size>
      </object_component>
      <object_component id="oc-4b4">
         <name>.common:lfree</name>
         <uninitialized>true</uninitialized>
         <run_address>0x20016fbc</run_address>
         <size>0x4</size>
      </object_component>
      <object_component id="oc-4b6">
         <name>.common:memp_tab</name>
         <uninitialized>true</uninitialized>
         <run_address>0x20016f60</run_address>
         <size>0x14</size>
      </object_component>
      <object_component id="oc-52c">
         <name>.common:netif_num</name>
         <uninitialized>true</uninitialized>
         <run_address>0x20016fe3</run_address>
         <size>0x1</size>
      </object_component>
      <object_component id="oc-56f">
         <name>.common:raw_pcbs</name>
         <uninitialized>true</uninitialized>
         <run_address>0x20016fd4</run_address>
         <size>0x4</size>
      </object_component>
      <object_component id="oc-648">
         <name>.common:next_timeout</name>
         <uninitialized>true</uninitialized>
         <run_address>0x20016fc8</run_address>
         <size>0x4</size>
      </object_component>
      <object_component id="oc-5af">
         <name>.common:timeouts_last_time</name>
         <uninitialized>true</uninitialized>
         <run_address>0x20016fd8</run_address>
         <size>0x4</size>
      </object_component>
      <object_component id="oc-629">
         <name>.common:ip_id</name>
         <uninitialized>true</uninitialized>
         <run_address>0x20016fe0</run_address>
         <size>0x2</size>
      </object_component>
      <object_component id="oc-60d">
         <name>.common:etharp_cached_entry</name>
         <uninitialized>true</uninitialized>
         <run_address>0x20016fe2</run_address>
         <size>0x1</size>
      </object_component>
      <object_component id="oc-332">
         <name>.common:g_ui32IPAddr</name>
         <uninitialized>true</uninitialized>
         <run_address>0x20016fa8</run_address>
         <size>0x4</size>
      </object_component>
      <object_component id="oc-330">
         <name>.common:g_ui32NetMask</name>
         <uninitialized>true</uninitialized>
         <run_address>0x20016fb0</run_address>
         <size>0x4</size>
      </object_component>
      <object_component id="oc-331">
         <name>.common:g_ui32GWAddr</name>
         <uninitialized>true</uninitialized>
         <run_address>0x20016fa4</run_address>
         <size>0x4</size>
      </object_component>
      <object_component id="oc-4ee">
         <name>.common:netif_list</name>
         <uninitialized>true</uninitialized>
         <run_address>0x20016fc4</run_address>
         <size>0x4</size>
      </object_component>
      <object_component id="oc-52e">
         <name>.common:netif_default</name>
         <uninitialized>true</uninitialized>
         <run_address>0x20016fc0</run_address>
         <size>0x4</size>
      </object_component>
      <object_component id="oc-485">
         <name>.common:udp_pcbs</name>
         <uninitialized>true</uninitialized>
         <run_address>0x20016fdc</run_address>
         <size>0x4</size>
      </object_component>
      <object_component id="oc-4ef">
         <name>.common:current_netif</name>
         <uninitialized>true</uninitialized>
         <run_address>0x20016f8c</run_address>
         <size>0x4</size>
      </object_component>
      <object_component id="oc-4f0">
         <name>.common:current_header</name>
         <uninitialized>true</uninitialized>
         <run_address>0x20016f80</run_address>
         <size>0x4</size>
      </object_component>
      <object_component id="oc-4ed">
         <name>.common:current_iphdr_src</name>
         <uninitialized>true</uninitialized>
         <run_address>0x20016f88</run_address>
         <size>0x4</size>
      </object_component>
      <object_component id="oc-4ec">
         <name>.common:current_iphdr_dest</name>
         <uninitialized>true</uninitialized>
         <run_address>0x20016f84</run_address>
         <size>0x4</size>
      </object_component>
      <object_component id="oc-147">
         <name>.common:g_ui32NormalInts</name>
         <uninitialized>true</uninitialized>
         <run_address>0x20016fb4</run_address>
         <size>0x4</size>
      </object_component>
      <object_component id="oc-148">
         <name>.common:g_ui32AbnormalInts</name>
         <uninitialized>true</uninitialized>
         <run_address>0x20016fa0</run_address>
         <size>0x4</size>
      </object_component>
      <object_component id="oc-b9">
         <name>.common:g_pfnTimerHandler</name>
         <uninitialized>true</uninitialized>
         <run_address>0x20016f9c</run_address>
         <size>0x4</size>
      </object_component>
      <object_component id="oc-250">
         <name>.data</name>
         <load_address>0x20018041</load_address>
         <run_address>0x20018041</run_address>
         <size>0x1</size>
         <input_file_ref idref="fl-2"/>
      </object_component>
      <object_component id="oc-fb">
         <name>.data</name>
         <load_address>0x20017fe8</load_address>
         <run_address>0x20017fe8</run_address>
         <size>0x44</size>
         <input_file_ref idref="fl-5"/>
      </object_component>
      <object_component id="oc-424">
         <name>.data</name>
         <load_address>0x2001803c</load_address>
         <run_address>0x2001803c</run_address>
         <size>0x5</size>
         <input_file_ref idref="fl-6"/>
      </object_component>
      <object_component id="oc-f3">
         <name>.data</name>
         <load_address>0x20018034</load_address>
         <run_address>0x20018034</run_address>
         <size>0x8</size>
         <input_file_ref idref="fl-132"/>
      </object_component>
      <object_component id="oc-94">
         <name>.data</name>
         <load_address>0x20018044</load_address>
         <run_address>0x20018044</run_address>
         <size>0x4</size>
         <input_file_ref idref="fl-137"/>
      </object_component>
      <object_component id="oc-f0">
         <name>.data</name>
         <load_address>0x2001802c</load_address>
         <run_address>0x2001802c</run_address>
         <size>0x8</size>
         <input_file_ref idref="fl-13a"/>
      </object_component>
      <object_component id="oc-a4">
         <name>.debug_info</name>
         <load_address>0x0</load_address>
         <run_address>0x0</run_address>
         <size>0xd5f</size>
         <input_file_ref idref="fl-2"/>
      </object_component>
      <object_component id="oc-251">
         <name>.debug_info</name>
         <load_address>0xd5f</load_address>
         <run_address>0xd5f</run_address>
         <size>0xc1</size>
         <input_file_ref idref="fl-2"/>
      </object_component>
      <object_component id="oc-249">
         <name>.debug_info</name>
         <load_address>0xe20</load_address>
         <run_address>0xe20</run_address>
         <size>0x188</size>
         <input_file_ref idref="fl-2"/>
      </object_component>
      <object_component id="oc-36e">
         <name>.debug_info</name>
         <load_address>0xfa8</load_address>
         <run_address>0xfa8</run_address>
         <size>0x16c</size>
         <input_file_ref idref="fl-2"/>
      </object_component>
      <object_component id="oc-20d">
         <name>.debug_info</name>
         <load_address>0x1114</load_address>
         <run_address>0x1114</run_address>
         <size>0x14c</size>
         <input_file_ref idref="fl-2"/>
      </object_component>
      <object_component id="oc-1cb">
         <name>.debug_info</name>
         <load_address>0x1260</load_address>
         <run_address>0x1260</run_address>
         <size>0x134</size>
         <input_file_ref idref="fl-2"/>
      </object_component>
      <object_component id="oc-1dd">
         <name>.debug_info</name>
         <load_address>0x1394</load_address>
         <run_address>0x1394</run_address>
         <size>0x1e0</size>
         <input_file_ref idref="fl-2"/>
      </object_component>
      <object_component id="oc-231">
         <name>.debug_info</name>
         <load_address>0x1574</load_address>
         <run_address>0x1574</run_address>
         <size>0x1aa</size>
         <input_file_ref idref="fl-2"/>
      </object_component>
      <object_component id="oc-e9">
         <name>.debug_info</name>
         <load_address>0x171e</load_address>
         <run_address>0x171e</run_address>
         <size>0x512</size>
         <input_file_ref idref="fl-2"/>
      </object_component>
      <object_component id="oc-2c2">
         <name>.debug_info</name>
         <load_address>0x1c30</load_address>
         <run_address>0x1c30</run_address>
         <size>0x167</size>
         <input_file_ref idref="fl-2"/>
      </object_component>
      <object_component id="oc-14b">
         <name>.debug_info</name>
         <load_address>0x1d97</load_address>
         <run_address>0x1d97</run_address>
         <size>0x1c2</size>
         <input_file_ref idref="fl-2"/>
      </object_component>
      <object_component id="oc-49">
         <name>.debug_info</name>
         <load_address>0x1f59</load_address>
         <run_address>0x1f59</run_address>
         <size>0x10b</size>
         <input_file_ref idref="fl-2"/>
      </object_component>
      <object_component id="oc-43">
         <name>.debug_info</name>
         <load_address>0x2064</load_address>
         <run_address>0x2064</run_address>
         <size>0x10e</size>
         <input_file_ref idref="fl-2"/>
      </object_component>
      <object_component id="oc-11d">
         <name>.debug_info</name>
         <load_address>0x2172</load_address>
         <run_address>0x2172</run_address>
         <size>0x12f</size>
         <input_file_ref idref="fl-2"/>
      </object_component>
      <object_component id="oc-159">
         <name>.debug_info</name>
         <load_address>0x22a1</load_address>
         <run_address>0x22a1</run_address>
         <size>0x6c</size>
         <input_file_ref idref="fl-2"/>
      </object_component>
      <object_component id="oc-131">
         <name>.debug_info</name>
         <load_address>0x230d</load_address>
         <run_address>0x230d</run_address>
         <size>0x110</size>
         <input_file_ref idref="fl-2"/>
      </object_component>
      <object_component id="oc-104">
         <name>.debug_info</name>
         <load_address>0x241d</load_address>
         <run_address>0x241d</run_address>
         <size>0x8b</size>
         <input_file_ref idref="fl-2"/>
      </object_component>
      <object_component id="oc-127">
         <name>.debug_info</name>
         <load_address>0x24a8</load_address>
         <run_address>0x24a8</run_address>
         <size>0x8a</size>
         <input_file_ref idref="fl-2"/>
      </object_component>
      <object_component id="oc-12c">
         <name>.debug_info</name>
         <load_address>0x2532</load_address>
         <run_address>0x2532</run_address>
         <size>0x174</size>
         <input_file_ref idref="fl-2"/>
      </object_component>
      <object_component id="oc-163">
         <name>.debug_info</name>
         <load_address>0x26a6</load_address>
         <run_address>0x26a6</run_address>
         <size>0x2c</size>
         <input_file_ref idref="fl-2"/>
      </object_component>
      <object_component id="oc-118">
         <name>.debug_info</name>
         <load_address>0x26d2</load_address>
         <run_address>0x26d2</run_address>
         <size>0x193</size>
         <input_file_ref idref="fl-2"/>
      </object_component>
      <object_component id="oc-c0">
         <name>.debug_info</name>
         <load_address>0x2865</load_address>
         <run_address>0x2865</run_address>
         <size>0x18b</size>
         <input_file_ref idref="fl-2"/>
      </object_component>
      <object_component id="oc-109">
         <name>.debug_info</name>
         <load_address>0x29f0</load_address>
         <run_address>0x29f0</run_address>
         <size>0x87</size>
         <input_file_ref idref="fl-2"/>
      </object_component>
      <object_component id="oc-10e">
         <name>.debug_info</name>
         <load_address>0x2a77</load_address>
         <run_address>0x2a77</run_address>
         <size>0x2c</size>
         <input_file_ref idref="fl-2"/>
      </object_component>
      <object_component id="oc-16d">
         <name>.debug_info</name>
         <load_address>0x2aa3</load_address>
         <run_address>0x2aa3</run_address>
         <size>0x2c</size>
         <input_file_ref idref="fl-2"/>
      </object_component>
      <object_component id="oc-319">
         <name>.debug_info</name>
         <load_address>0x2acf</load_address>
         <run_address>0x2acf</run_address>
         <size>0x4e</size>
         <input_file_ref idref="fl-2"/>
      </object_component>
      <object_component id="oc-113">
         <name>.debug_info</name>
         <load_address>0x2b1d</load_address>
         <run_address>0x2b1d</run_address>
         <size>0x9f</size>
         <input_file_ref idref="fl-2"/>
      </object_component>
      <object_component id="oc-181">
         <name>.debug_info</name>
         <load_address>0x2bbc</load_address>
         <run_address>0x2bbc</run_address>
         <size>0x167</size>
         <input_file_ref idref="fl-2"/>
      </object_component>
      <object_component id="oc-122">
         <name>.debug_info</name>
         <load_address>0x2d23</load_address>
         <run_address>0x2d23</run_address>
         <size>0x3e4</size>
         <input_file_ref idref="fl-2"/>
      </object_component>
      <object_component id="oc-309">
         <name>.debug_info</name>
         <load_address>0x3107</load_address>
         <run_address>0x3107</run_address>
         <size>0x1b2</size>
         <input_file_ref idref="fl-3"/>
      </object_component>
      <object_component id="oc-1c5">
         <name>.debug_info</name>
         <load_address>0x32b9</load_address>
         <run_address>0x32b9</run_address>
         <size>0x293</size>
         <input_file_ref idref="fl-3"/>
      </object_component>
      <object_component id="oc-56">
         <name>.debug_info</name>
         <load_address>0x354c</load_address>
         <run_address>0x354c</run_address>
         <size>0x185</size>
         <input_file_ref idref="fl-4"/>
      </object_component>
      <object_component id="oc-10">
         <name>.debug_info</name>
         <load_address>0x36d1</load_address>
         <run_address>0x36d1</run_address>
         <size>0xe4</size>
         <input_file_ref idref="fl-4"/>
      </object_component>
      <object_component id="oc-2c">
         <name>.debug_info</name>
         <load_address>0x37b5</load_address>
         <run_address>0x37b5</run_address>
         <size>0x130</size>
         <input_file_ref idref="fl-4"/>
      </object_component>
      <object_component id="oc-31">
         <name>.debug_info</name>
         <load_address>0x38e5</load_address>
         <run_address>0x38e5</run_address>
         <size>0x11f</size>
         <input_file_ref idref="fl-4"/>
      </object_component>
      <object_component id="oc-3e">
         <name>.debug_info</name>
         <load_address>0x3a04</load_address>
         <run_address>0x3a04</run_address>
         <size>0x139</size>
         <input_file_ref idref="fl-4"/>
      </object_component>
      <object_component id="oc-37">
         <name>.debug_info</name>
[...]
      <symbol id="sm-6df">
         <name>pbuf_alloc</name>
         <value>0x14b5</value>
         <object_component_ref idref="oc-2b2"/>
      </symbol>
      <symbol id="sm-6e0">
         <name>g_pTxDescriptors</name>
         <value>0x20016910</value>
         <object_component_ref idref="oc-270"/>
      </symbol>
      <symbol id="sm-6e1">
         <name>icmp_input</name>
         <value>0x10c1</value>
         <object_component_ref idref="oc-4e6"/>
      </symbol>
      <symbol id="sm-6e2">
         <name>netif_set_gw</name>
         <value>0x3dcd</value>
         <object_component_ref idref="oc-5bd"/>
      </symbol>
      <symbol id="sm-6e3">
         <name>inet_chksum_pbuf</name>
         <value>0x2e35</value>
         <object_component_ref idref="oc-579"/>
      </symbol>
      <symbol id="sm-6e4">
         <name>ip_output</name>
         <value>0x3415</value>
         <object_component_ref idref="oc-634"/>
      </symbol>
      <symbol id="sm-6e5">
         <name>pbuf_copy</name>
         <value>0x236d</value>
         <object_component_ref idref="oc-57f"/>
      </symbol>
      <symbol id="sm-6e6">
         <name>tivaif_interrupt</name>
         <value>0x3215</value>
         <object_component_ref idref="oc-ad"/>
      </symbol>
      <symbol id="sm-6e7">
         <name>ethzero</name>
         <value>0x414e</value>
         <object_component_ref idref="oc-36a"/>
      </symbol>
      <symbol id="sm-6e8">
         <name>lwIPTimer</name>
         <value>0x3a2d</value>
         <object_component_ref idref="oc-9c"/>
      </symbol>
      <symbol id="sm-6e9">
         <name>ethbroadcast</name>
         <value>0x4148</value>
         <object_component_ref idref="oc-36a"/>
      </symbol>
      <symbol id="sm-6ea">
         <name>lwip_init</name>
         <value>0x3d05</value>
         <object_component_ref idref="oc-450"/>
      </symbol>
      <symbol id="sm-6eb">
         <name>lwIPEthernetIntHandler</name>
         <value>0x2d7d</value>
         <object_component_ref idref="oc-4e"/>
      </symbol>
      <symbol id="sm-6ec">
         <name>netif_add</name>
         <value>0x317d</value>
         <object_component_ref idref="oc-45c"/>
      </symbol>
      <symbol id="sm-6ed">
         <name>netif_set_default</name>
         <value>0x3dc1</value>
         <object_component_ref idref="oc-462"/>
      </symbol>
      <symbol id="sm-6ee">
         <name>sys_now</name>
         <value>0x3df1</value>
         <object_component_ref idref="oc-5a3"/>
      </symbol>
      <symbol id="sm-6ef">
         <name>ip_route</name>
         <value>0x3131</value>
         <object_component_ref idref="oc-496"/>
      </symbol>
      <symbol id="sm-6f0">
         <name>g_RxDescList</name>
         <value>0x20017ffc</value>
         <object_component_ref idref="oc-fb"/>
      </symbol>
      <symbol id="sm-6f1">
         <name>g_TxDescList</name>
         <value>0x20017fec</value>
         <object_component_ref idref="oc-fb"/>
      </symbol>
      <symbol id="sm-6f2">
         <name>sys_timeout</name>
         <value>0x2a69</value>
         <object_component_ref idref="oc-59d"/>
      </symbol>
      <symbol id="sm-6f3">
         <name>etharp_tmr</name>
         <value>0x349d</value>
         <object_component_ref idref="oc-150"/>
      </symbol>
      <symbol id="sm-6f4">
         <name>mem_trim</name>
         <value>0x1c0d</value>
         <object_component_ref idref="oc-567"/>
      </symbol>
      <symbol id="sm-6f5">
         <name>lwip_stats</name>
         <value>0x20016d90</value>
         <object_component_ref idref="oc-2b8"/>
      </symbol>
      <symbol id="sm-763">
         <name>UARTStdioConfig</name>
         <value>0x2c61</value>
         <object_component_ref idref="oc-30a"/>
      </symbol>
      <symbol id="sm-764">
         <name>UARTwrite</name>
         <value>0x32f5</value>
         <object_component_ref idref="oc-42b"/>
      </symbol>
      <symbol id="sm-765">
         <name>UARTprintf</name>
         <value>0x3b01</value>
         <object_component_ref idref="oc-1d0"/>
      </symbol>
      <symbol id="sm-766">
         <name>UARTvprintf</name>
         <value>0xba9</value>
         <object_component_ref idref="oc-311"/>
      </symbol>
      <symbol id="sm-7b3">
         <name>uvsnprintf</name>
         <value>0x541</value>
         <object_component_ref idref="oc-4f4"/>
      </symbol>
      <symbol id="sm-7b4">
         <name>ustrncpy</name>
         <value>0x386f</value>
         <object_component_ref idref="oc-586"/>
      </symbol>
      <symbol id="sm-7b5">
         <name>usprintf</name>
         <value>0x3a6d</value>
         <object_component_ref idref="oc-3fe"/>
      </symbol>
      <symbol id="sm-7c7">
         <name>_c_int00</name>
         <value>0x3091</value>
         <object_component_ref idref="oc-24"/>
      </symbol>
      <symbol id="sm-7c8">
         <name>__stack</name>
         <value>0x20016fe8</value>
         <object_component_ref idref="oc-29"/>
      </symbol>
      <symbol id="sm-7df">
         <name>__TI_decompress_none</name>
         <value>0x3d5f</value>
         <object_component_ref idref="oc-12"/>
      </symbol>
      <symbol id="sm-802">
         <name>__TI_decompress_rle24</name>
         <value>0x3e53</value>
         <object_component_ref idref="oc-18"/>
      </symbol>
      <symbol id="sm-814">
         <name>__TI_zero_init</name>
         <value>0x3d9d</value>
         <object_component_ref idref="oc-1e"/>
      </symbol>
      <symbol id="sm-833">
         <name>C$$EXIT</name>
         <value>0x3459</value>
         <object_component_ref idref="oc-8e"/>
      </symbol>
      <symbol id="sm-834">
         <name>abort</name>
         <value>0x345d</value>
         <object_component_ref idref="oc-8e"/>
      </symbol>
      <symbol id="sm-835">
         <name>exit</name>
         <value>0x3465</value>
         <object_component_ref idref="oc-8e"/>
      </symbol>
      <symbol id="sm-836">
         <name>__TI_dtors_ptr</name>
         <value>0x20018038</value>
         <object_component_ref idref="oc-f3"/>
      </symbol>
      <symbol id="sm-837">
         <name>__TI_cleanup_ptr</name>
         <value>0x20018034</value>
         <object_component_ref idref="oc-f3"/>
      </symbol>
      <symbol id="sm-847">
         <name>memcmp</name>
         <value>0x39eb</value>
         <object_component_ref idref="oc-3d5"/>
      </symbol>
      <symbol id="sm-862">
         <name>memcpy</name>
         <value>0x22d1</value>
         <object_component_ref idref="oc-57"/>
      </symbol>
      <symbol id="sm-863">
         <name>__aeabi_memcpy</name>
         <value>0x22d1</value>
         <object_component_ref idref="oc-57"/>
      </symbol>
      <symbol id="sm-864">
         <name>__aeabi_memcpy8</name>
         <value>0x22d1</value>
         <object_component_ref idref="oc-57"/>
      </symbol>
      <symbol id="sm-865">
         <name>__aeabi_memcpy4</name>
         <value>0x22d1</value>
         <object_component_ref idref="oc-57"/>
      </symbol>
      <symbol id="sm-874">
         <name>__aeabi_memset</name>
         <value>0x260f</value>
         <object_component_ref idref="oc-70"/>
      </symbol>
      <symbol id="sm-875">
         <name>memset</name>
         <value>0x2615</value>
         <object_component_ref idref="oc-70"/>
      </symbol>
      <symbol id="sm-876">
         <name>__aeabi_memset8</name>
         <value>0x260f</value>
         <object_component_ref idref="oc-70"/>
      </symbol>
      <symbol id="sm-877">
         <name>__aeabi_memset4</name>
         <value>0x260f</value>
         <object_component_ref idref="oc-70"/>
      </symbol>
      <symbol id="sm-878">
         <name>__aeabi_memclr8</name>
         <value>0x260d</value>
         <object_component_ref idref="oc-70"/>
      </symbol>
      <symbol id="sm-879">
         <name>__aeabi_memclr4</name>
         <value>0x260d</value>
         <object_component_ref idref="oc-70"/>
      </symbol>
      <symbol id="sm-87a">
         <name>__aeabi_memclr</name>
         <value>0x260d</value>
         <object_component_ref idref="oc-70"/>
      </symbol>
      <symbol id="sm-884">
         <name>_system_pre_init</name>
         <value>0x3e6b</value>
         <object_component_ref idref="oc-7c"/>
      </symbol>
      <symbol id="sm-88c">
         <name>main_func_sp</name>
         <value>0x20018044</value>
         <object_component_ref idref="oc-94"/>
      </symbol>
      <symbol id="sm-89f">
         <name>__aeabi_uidivmod</name>
         <value>0x34dd</value>
         <object_component_ref idref="oc-431"/>
      </symbol>
      <symbol id="sm-8a0">
         <name>__aeabi_uidiv</name>
         <value>0x34dd</value>
         <object_component_ref idref="oc-431"/>
      </symbol>
      <symbol id="sm-8b9">
         <name>_nop</name>
         <value>0x3c0b</value>
         <object_component_ref idref="oc-262"/>
      </symbol>
      <symbol id="sm-8ba">
         <name>_lock</name>
         <value>0x2001802c</value>
         <object_component_ref idref="oc-f0"/>
      </symbol>
      <symbol id="sm-8bb">
         <name>_unlock</name>
         <value>0x20018030</value>
         <object_component_ref idref="oc-f0"/>
      </symbol>
      <symbol id="sm-8bc">
         <name>_register_lock</name>
         <value>0x3c03</value>
         <object_component_ref idref="oc-262"/>
      </symbol>
      <symbol id="sm-8bd">
         <name>_register_unlock</name>
         <value>0x3bfd</value>
         <object_component_ref idref="oc-262"/>
      </symbol>
      <symbol id="sm-8d2">
         <name>_args_main</name>
         <value>0x3b65</value>
         <object_component_ref idref="oc-88"/>
      </symbol>
      <symbol id="sm-8f8">
         <name>__TI_auto_init</name>
         <value>0x28c1</value>
         <object_component_ref idref="oc-82"/>
      </symbol>
      <symbol id="sm-912">
         <name>copy_in</name>
         <value>0x31c9</value>
         <object_component_ref idref="oc-e0"/>
      </symbol>
      <symbol id="sm-91c">
         <name>__aeabi_idiv0</name>
         <value>0x23ff</value>
         <object_component_ref idref="oc-506"/>
      </symbol>
      <symbol id="sm-9dd">
         <name>EMACConfigSet</name>
         <value>0x36e9</value>
         <object_component_ref idref="oc-298"/>
      </symbol>
      <symbol id="sm-9de">
         <name>EMACTxEnable</name>
         <value>0x3ba9</value>
         <object_component_ref idref="oc-5e8"/>
      </symbol>
      <symbol id="sm-9df">
         <name>EMACRxDMADescriptorListSet</name>
         <value>0x3e29</value>
         <object_component_ref idref="oc-650"/>
      </symbol>
      <symbol id="sm-9e0">
         <name>EMACPHYConfigSet</name>
         <value>0x2ee9</value>
         <object_component_ref idref="oc-31e"/>
      </symbol>
      <symbol id="sm-9e1">
         <name>EMACPHYRead</name>
         <value>0x3911</value>
         <object_component_ref idref="oc-280"/>
      </symbol>
      <symbol id="sm-9e2">
         <name>EMACTimestampIntStatus</name>
         <value>0x3e2f</value>
         <object_component_ref idref="oc-a7"/>
      </symbol>
      <symbol id="sm-9e3">
         <name>EMACRxEnable</name>
         <value>0x3b93</value>
         <object_component_ref idref="oc-5ee"/>
      </symbol>
      <symbol id="sm-9e4">
         <name>EMACIntClear</name>
         <value>0x371d</value>
         <object_component_ref idref="oc-5e2"/>
      </symbol>
      <symbol id="sm-9e5">
         <name>EMACConfigGet</name>
         <value>0x3609</value>
         <object_component_ref idref="oc-292"/>
      </symbol>
      <symbol id="sm-9e6">
         <name>EMACInit</name>
         <value>0x2689</value>
         <object_component_ref idref="oc-324"/>
      </symbol>
      <symbol id="sm-9e7">
         <name>EMACIntEnable</name>
         <value>0x3595</value>
         <object_component_ref idref="oc-5f4"/>
      </symbol>
      <symbol id="sm-9e8">
         <name>EMACPHYWrite</name>
         <value>0x3937</value>
         <object_component_ref idref="oc-5d0"/>
      </symbol>
      <symbol id="sm-9e9">
         <name>EMACReset</name>
         <value>0x3b7d</value>
         <object_component_ref idref="oc-445"/>
      </symbol>
      <symbol id="sm-9ea">
         <name>EMACFrameFilterSet</name>
         <value>0x3cb5</value>
         <object_component_ref idref="oc-5d6"/>
      </symbol>
      <symbol id="sm-9eb">
         <name>EMACTxDMAPollDemand</name>
         <value>0x3e11</value>
         <object_component_ref idref="oc-621"/>
      </symbol>
      <symbol id="sm-9ec">
         <name>EMACAddrGet</name>
         <value>0x3a8d</value>
         <object_component_ref idref="oc-5c4"/>
      </symbol>
      <symbol id="sm-9ed">
         <name>EMACTxDMADescriptorListSet</name>
         <value>0x3e35</value>
         <object_component_ref idref="oc-656"/>
      </symbol>
      <symbol id="sm-9ee">
         <name>EMACIntStatus</name>
         <value>0x37eb</value>
         <object_component_ref idref="oc-5dc"/>
      </symbol>
      <symbol id="sm-a40">
         <name>GPIOPinTypePWM</name>
         <value>0x3c37</value>
         <object_component_ref idref="oc-33a"/>
      </symbol>
      <symbol id="sm-a41">
         <name>GPIOPinConfigure</name>
         <value>0x32ad</value>
         <object_component_ref idref="oc-1e2"/>
      </symbol>
      <symbol id="sm-a42">
         <name>GPIOPinTypeGPIOOutput</name>
         <value>0x3b35</value>
         <object_component_ref idref="oc-1b8"/>
      </symbol>
      <symbol id="sm-a43">
         <name>GPIODirModeSet</name>
         <value>0x3845</value>
         <object_component_ref idref="oc-2f9"/>
      </symbol>
      <symbol id="sm-a44">
         <name>GPIOPinTypeQEI</name>
         <value>0x3c49</value>
         <object_component_ref idref="oc-1e8"/>
      </symbol>
      <symbol id="sm-a45">
         <name>GPIOPinWrite</name>
         <value>0x3e3b</value>
         <object_component_ref idref="oc-1be"/>
      </symbol>
      <symbol id="sm-a46">
         <name>GPIOPadConfigSet</name>
         <value>0x1385</value>
         <object_component_ref idref="oc-2f3"/>
      </symbol>
      <symbol id="sm-a47">
         <name>GPIOPinTypeEthernetLED</name>
         <value>0x3c25</value>
         <object_component_ref idref="oc-302"/>
      </symbol>
      <symbol id="sm-a77">
         <name>IntEnable</name>
         <value>0x2999</value>
         <object_component_ref idref="oc-21e"/>
      </symbol>
      <symbol id="sm-a78">
         <name>IntMasterEnable</name>
         <value>0x3cc5</value>
         <object_component_ref idref="oc-5fa"/>
      </symbol>
      <symbol id="sm-ab5">
         <name>PWMGenPeriodSet</name>
         <value>0x3cd5</value>
         <object_component_ref idref="oc-346"/>
      </symbol>
      <symbol id="sm-ab6">
         <name>PWMGenDisable</name>
         <value>0x3d79</value>
         <object_component_ref idref="oc-396"/>
      </symbol>
      <symbol id="sm-ab7">
         <name>PWMPulseWidthSet</name>
         <value>0x3aab</value>
         <object_component_ref idref="oc-384"/>
      </symbol>
      <symbol id="sm-ab8">
         <name>PWMGenPeriodGet</name>
         <value>0x3c5b</value>
         <object_component_ref idref="oc-37e"/>
      </symbol>
      <symbol id="sm-ab9">
         <name>PWMOutputState</name>
         <value>0x3c6d</value>
         <object_component_ref idref="oc-38a"/>
      </symbol>
      <symbol id="sm-aba">
         <name>PWMGenEnable</name>
         <value>0x3d85</value>
         <object_component_ref idref="oc-390"/>
      </symbol>
      <symbol id="sm-abb">
         <name>PWMGenConfigure</name>
         <value>0x39c9</value>
         <object_component_ref idref="oc-340"/>
      </symbol>
      <symbol id="sm-b00">
         <name>QEIDirectionGet</name>
         <value>0x3d43</value>
         <object_component_ref idref="oc-23c"/>
      </symbol>
      <symbol id="sm-b01">
         <name>QEIPositionGet</name>
         <value>0x3e5f</value>
         <object_component_ref idref="oc-236"/>
      </symbol>
      <symbol id="sm-b02">
         <name>QEIVelocityGet</name>
         <value>0x3e67</value>
         <object_component_ref idref="oc-242"/>
      </symbol>
      <symbol id="sm-b03">
         <name>QEIVelocityConfigure</name>
         <value>0x3ce5</value>
         <object_component_ref idref="oc-1f4"/>
      </symbol>
      <symbol id="sm-b04">
         <name>QEIEnable</name>
         <value>0x3dfd</value>
         <object_component_ref idref="oc-1fa"/>
      </symbol>
      <symbol id="sm-b05">
         <name>QEIPositionSet</name>
         <value>0x3e63</value>
         <object_component_ref idref="oc-206"/>
      </symbol>
      <symbol id="sm-b06">
         <name>QEIVelocityEnable</name>
         <value>0x3e07</value>
         <object_component_ref idref="oc-200"/>
      </symbol>
      <symbol id="sm-b07">
         <name>QEIConfigure</name>
         <value>0x3d35</value>
         <object_component_ref idref="oc-1ee"/>
      </symbol>
      <symbol id="sm-ba3">
         <name>SysCtlDelay</name>
         <value>0x3e47</value>
         <object_component_ref idref="oc-1b7"/>
      </symbol>
      <symbol id="sm-ba4">
         <name>SysCtlMOSCConfigSet</name>
         <value>0x3d91</value>
         <object_component_ref idref="oc-1a5"/>
      </symbol>
      <symbol id="sm-ba5">
         <name>SysCtlPeripheralEnable</name>
         <value>0x3751</value>
         <object_component_ref idref="oc-1b1"/>
      </symbol>
      <symbol id="sm-ba6">
         <name>SysCtlPWMClockSet</name>
         <value>0x3bd5</value>
         <object_component_ref idref="oc-334"/>
      </symbol>
      <symbol id="sm-ba7">
         <name>SysCtlPeripheralReady</name>
         <value>0x3641</value>
         <object_component_ref idref="oc-43f"/>
      </symbol>
      <symbol id="sm-ba8">
         <name>SysCtlClockFreqSet</name>
         <value>0x9a5</value>
         <object_component_ref idref="oc-1ab"/>
      </symbol>
      <symbol id="sm-ba9">
         <name>SysCtlPeripheralReset</name>
         <value>0x3041</value>
         <object_component_ref idref="oc-439"/>
      </symbol>
      <symbol id="sm-bd5">
         <name>TimerLoadSet</name>
         <value>0x3c7f</value>
         <object_component_ref idref="oc-218"/>
      </symbol>
      <symbol id="sm-bd6">
         <name>TimerEnable</name>
         <value>0x3d51</value>
         <object_component_ref idref="oc-22a"/>
      </symbol>
      <symbol id="sm-bd7">
         <name>TimerIntEnable</name>
         <value>0x3e19</value>
         <object_component_ref idref="oc-224"/>
      </symbol>
      <symbol id="sm-bd8">
         <name>TimerConfigure</name>
         <value>0x2c01</value>
         <object_component_ref idref="oc-212"/>
      </symbol>
      <symbol id="sm-be2">
         <name>CPUcpsie</name>
         <value>0x3d6d</value>
         <object_component_ref idref="oc-664"/>
      </symbol>
      <symbol id="sm-be3">
         <name>__TI_static_base__</name>
         <value>0x0</value>
      </symbol>
      <symbol id="sm-be6">
         <name>SHT$$INIT_ARRAY$$Limit</name>
         <value>0x0</value>
      </symbol>
      <symbol id="sm-be7">
         <name>SHT$$INIT_ARRAY$$Base</name>
         <value>0x0</value>
      </symbol>
   </symbol_table>
   <title>Link successful</title>
</link_info>
